###############################################################################
#
# IAR ELF Linker V8.40.2.214/W32 for ARM                  22/Aug/2026  17:41:19
# Copyright 2007-2019 IAR Systems AB.
#
#    Output file  =
#        D:\Saoviet_Git\Saoviet_20260703_SVWMDL\Project_Master_TNMT_Ver_3_1\1.Source_Code_L496\wm_gsm_ethernet_v5\EWARM\wm_gsm_ethernet_v3\Exe\wm_gsm_ethernet_v3.out
#    Map file     =
#        D:\Saoviet_Git\Saoviet_20260703_SVWMDL\Project_Master_TNMT_Ver_3_1\1.Source_Code_L496\wm_gsm_ethernet_v5\EWARM\wm_gsm_ethernet_v3\List\wm_gsm_ethernet_v3.map
#    Command line =
#        -f C:\Users\PC\AppData\Local\Temp\EWDF19.tmp
#        (D:\Saoviet_Git\Saoviet_20260703_SVWMDL\Project_Master_TNMT_Ver_3_1\1.Source_Code_L496\wm_gsm_ethernet_v5\EWARM\wm_gsm_ethernet_v3\Obj\adc.o
#        D:\Saoviet_Git\Saoviet_20260703_SVWMDL\Project_Master_TNMT_Ver_3_1\1.Source_Code_L496\wm_gsm_ethernet_v5\EWARM\wm_gsm_ethernet_v3\Obj\button.o
#        D:\Saoviet_Git\Saoviet_20260703_SVWMDL\Project_Master_TNMT_Ver_3_1\1.Source_Code_L496\wm_gsm_ethernet_v5\EWARM\wm_gsm_ethernet_v3\Obj\cat24mxx.o
#        D:\Saoviet_Git\Saoviet_20260703_SVWMDL\Project_Master_TNMT_Ver_3_1\1.Source_Code_L496\wm_gsm_ethernet_v5\EWARM\wm_gsm_ethernet_v3\Obj\ccsbcs.o
#        D:\Saoviet_Git\Saoviet_20260703_SVWMDL\Project_Master_TNMT_Ver_3_1\1.Source_Code_L496\wm_gsm_ethernet_v5\EWARM\wm_gsm_ethernet_v3\Obj\dhcpv4.o
#        D:\Saoviet_Git\Saoviet_20260703_SVWMDL\Project_Master_TNMT_Ver_3_1\1.Source_Code_L496\wm_gsm_ethernet_v5\EWARM\wm_gsm_ethernet_v3\Obj\dhcpv6.o
#        D:\Saoviet_Git\Saoviet_20260703_SVWMDL\Project_Master_TNMT_Ver_3_1\1.Source_Code_L496\wm_gsm_ethernet_v5\EWARM\wm_gsm_ethernet_v3\Obj\diskio.o
#        D:\Saoviet_Git\Saoviet_20260703_SVWMDL\Project_Master_TNMT_Ver_3_1\1.Source_Code_L496\wm_gsm_ethernet_v5\EWARM\wm_gsm_ethernet_v3\Obj\dma.o
#        D:\Saoviet_Git\Saoviet_20260703_SVWMDL\Project_Master_TNMT_Ver_3_1\1.Source_Code_L496\wm_gsm_ethernet_v5\EWARM\wm_gsm_ethernet_v3\Obj\dns.o
#        D:\Saoviet_Git\Saoviet_20260703_SVWMDL\Project_Master_TNMT_Ver_3_1\1.Source_Code_L496\wm_gsm_ethernet_v5\EWARM\wm_gsm_ethernet_v3\Obj\event_driven.o
#        D:\Saoviet_Git\Saoviet_20260703_SVWMDL\Project_Master_TNMT_Ver_3_1\1.Source_Code_L496\wm_gsm_ethernet_v5\EWARM\wm_gsm_ethernet_v3\Obj\fatfs.o
#        D:\Saoviet_Git\Saoviet_20260703_SVWMDL\Project_Master_TNMT_Ver_3_1\1.Source_Code_L496\wm_gsm_ethernet_v5\EWARM\wm_gsm_ethernet_v3\Obj\ff.o
#        D:\Saoviet_Git\Saoviet_20260703_SVWMDL\Project_Master_TNMT_Ver_3_1\1.Source_Code_L496\wm_gsm_ethernet_v5\EWARM\wm_gsm_ethernet_v3\Obj\ff_gen_drv.o
#        D:\Saoviet_Git\Saoviet_20260703_SVWMDL\Project_Master_TNMT_Ver_3_1\1.Source_Code_L496\wm_gsm_ethernet_v5\EWARM\wm_gsm_ethernet_v3\Obj\glcd.o
#        D:\Saoviet_Git\Saoviet_20260703_SVWMDL\Project_Master_TNMT_Ver_3_1\1.Source_Code_L496\wm_gsm_ethernet_v5\EWARM\wm_gsm_ethernet_v3\Obj\gpio.o
#        D:\Saoviet_Git\Saoviet_20260703_SVWMDL\Project_Master_TNMT_Ver_3_1\1.Source_Code_L496\wm_gsm_ethernet_v5\EWARM\wm_gsm_ethernet_v3\Obj\graphics.o
#        D:\Saoviet_Git\Saoviet_20260703_SVWMDL\Project_Master_TNMT_Ver_3_1\1.Source_Code_L496\wm_gsm_ethernet_v5\EWARM\wm_gsm_ethernet_v3\Obj\graphs.o
#        D:\Saoviet_Git\Saoviet_20260703_SVWMDL\Project_Master_TNMT_Ver_3_1\1.Source_Code_L496\wm_gsm_ethernet_v5\EWARM\wm_gsm_ethernet_v3\Obj\i2c.o
#        D:\Saoviet_Git\Saoviet_20260703_SVWMDL\Project_Master_TNMT_Ver_3_1\1.Source_Code_L496\wm_gsm_ethernet_v5\EWARM\wm_gsm_ethernet_v3\Obj\iwdg.o
#        D:\Saoviet_Git\Saoviet_20260703_SVWMDL\Project_Master_TNMT_Ver_3_1\1.Source_Code_L496\wm_gsm_ethernet_v5\EWARM\wm_gsm_ethernet_v3\Obj\lcd_display.o
#        D:\Saoviet_Git\Saoviet_20260703_SVWMDL\Project_Master_TNMT_Ver_3_1\1.Source_Code_L496\wm_gsm_ethernet_v5\EWARM\wm_gsm_ethernet_v3\Obj\level_S_YW_01B.o
#        D:\Saoviet_Git\Saoviet_20260703_SVWMDL\Project_Master_TNMT_Ver_3_1\1.Source_Code_L496\wm_gsm_ethernet_v5\EWARM\wm_gsm_ethernet_v3\Obj\level_SUP_PX261_B.o
#        D:\Saoviet_Git\Saoviet_20260703_SVWMDL\Project_Master_TNMT_Ver_3_1\1.Source_Code_L496\wm_gsm_ethernet_v5\EWARM\wm_gsm_ethernet_v3\Obj\level_ultrasonic.o
#        D:\Saoviet_Git\Saoviet_20260703_SVWMDL\Project_Master_TNMT_Ver_3_1\1.Source_Code_L496\wm_gsm_ethernet_v5\EWARM\wm_gsm_ethernet_v3\Obj\lptim.o
#        D:\Saoviet_Git\Saoviet_20260703_SVWMDL\Project_Master_TNMT_Ver_3_1\1.Source_Code_L496\wm_gsm_ethernet_v5\EWARM\wm_gsm_ethernet_v3\Obj\main.o
#        D:\Saoviet_Git\Saoviet_20260703_SVWMDL\Project_Master_TNMT_Ver_3_1\1.Source_Code_L496\wm_gsm_ethernet_v5\EWARM\wm_gsm_ethernet_v3\Obj\MQTTConnectClient.o
#        D:\Saoviet_Git\Saoviet_20260703_SVWMDL\Project_Master_TNMT_Ver_3_1\1.Source_Code_L496\wm_gsm_ethernet_v5\EWARM\wm_gsm_ethernet_v3\Obj\MQTTConnectServer.o
#        D:\Saoviet_Git\Saoviet_20260703_SVWMDL\Project_Master_TNMT_Ver_3_1\1.Source_Code_L496\wm_gsm_ethernet_v5\EWARM\wm_gsm_ethernet_v3\Obj\MQTTDeserializePublish.o
#        D:\Saoviet_Git\Saoviet_20260703_SVWMDL\Project_Master_TNMT_Ver_3_1\1.Source_Code_L496\wm_gsm_ethernet_v5\EWARM\wm_gsm_ethernet_v3\Obj\MQTTFormat.o
#        D:\Saoviet_Git\Saoviet_20260703_SVWMDL\Project_Master_TNMT_Ver_3_1\1.Source_Code_L496\wm_gsm_ethernet_v5\EWARM\wm_gsm_ethernet_v3\Obj\MQTTPacket.o
#        D:\Saoviet_Git\Saoviet_20260703_SVWMDL\Project_Master_TNMT_Ver_3_1\1.Source_Code_L496\wm_gsm_ethernet_v5\EWARM\wm_gsm_ethernet_v3\Obj\MQTTSerializePublish.o
#        D:\Saoviet_Git\Saoviet_20260703_SVWMDL\Project_Master_TNMT_Ver_3_1\1.Source_Code_L496\wm_gsm_ethernet_v5\EWARM\wm_gsm_ethernet_v3\Obj\MQTTSubscribeClient.o
#        D:\Saoviet_Git\Saoviet_20260703_SVWMDL\Project_Master_TNMT_Ver_3_1\1.Source_Code_L496\wm_gsm_ethernet_v5\EWARM\wm_gsm_ethernet_v3\Obj\MQTTSubscribeServer.o
#        D:\Saoviet_Git\Saoviet_20260703_SVWMDL\Project_Master_TNMT_Ver_3_1\1.Source_Code_L496\wm_gsm_ethernet_v5\EWARM\wm_gsm_ethernet_v3\Obj\MQTTUnsubscribeClient.o
#        D:\Saoviet_Git\Saoviet_20260703_SVWMDL\Project_Master_TNMT_Ver_3_1\1.Source_Code_L496\wm_gsm_ethernet_v5\EWARM\wm_gsm_ethernet_v3\Obj\MQTTUnsubscribeServer.o
#        D:\Saoviet_Git\Saoviet_20260703_SVWMDL\Project_Master_TNMT_Ver_3_1\1.Source_Code_L496\wm_gsm_ethernet_v5\EWARM\wm_gsm_ethernet_v3\Obj\NT75451.o
#        D:\Saoviet_Git\Saoviet_20260703_SVWMDL\Project_Master_TNMT_Ver_3_1\1.Source_Code_L496\wm_gsm_ethernet_v5\EWARM\wm_gsm_ethernet_v3\Obj\onchipflash.o
#        D:\Saoviet_Git\Saoviet_20260703_SVWMDL\Project_Master_TNMT_Ver_3_1\1.Source_Code_L496\wm_gsm_ethernet_v5\EWARM\wm_gsm_ethernet_v3\Obj\PCD8544.o
#        D:\Saoviet_Git\Saoviet_20260703_SVWMDL\Project_Master_TNMT_Ver_3_1\1.Source_Code_L496\wm_gsm_ethernet_v5\EWARM\wm_gsm_ethernet_v3\Obj\queue_p.o
#        D:\Saoviet_Git\Saoviet_20260703_SVWMDL\Project_Master_TNMT_Ver_3_1\1.Source_Code_L496\wm_gsm_ethernet_v5\EWARM\wm_gsm_ethernet_v3\Obj\rtc.o
#        D:\Saoviet_Git\Saoviet_20260703_SVWMDL\Project_Master_TNMT_Ver_3_1\1.Source_Code_L496\wm_gsm_ethernet_v5\EWARM\wm_gsm_ethernet_v3\Obj\S25FL216K.o
#        D:\Saoviet_Git\Saoviet_20260703_SVWMDL\Project_Master_TNMT_Ver_3_1\1.Source_Code_L496\wm_gsm_ethernet_v5\EWARM\wm_gsm_ethernet_v3\Obj\sd_benchmark.o
#        D:\Saoviet_Git\Saoviet_20260703_SVWMDL\Project_Master_TNMT_Ver_3_1\1.Source_Code_L496\wm_gsm_ethernet_v5\EWARM\wm_gsm_ethernet_v3\Obj\sd_diskio_spi.o
#        D:\Saoviet_Git\Saoviet_20260703_SVWMDL\Project_Master_TNMT_Ver_3_1\1.Source_Code_L496\wm_gsm_ethernet_v5\EWARM\wm_gsm_ethernet_v3\Obj\sd_functions.o
#        D:\Saoviet_Git\Saoviet_20260703_SVWMDL\Project_Master_TNMT_Ver_3_1\1.Source_Code_L496\wm_gsm_ethernet_v5\EWARM\wm_gsm_ethernet_v3\Obj\sd_spi.o
#        D:\Saoviet_Git\Saoviet_20260703_SVWMDL\Project_Master_TNMT_Ver_3_1\1.Source_Code_L496\wm_gsm_ethernet_v5\EWARM\wm_gsm_ethernet_v3\Obj\siemen_mag6000.o
#        D:\Saoviet_Git\Saoviet_20260703_SVWMDL\Project_Master_TNMT_Ver_3_1\1.Source_Code_L496\wm_gsm_ethernet_v5\EWARM\wm_gsm_ethernet_v3\Obj\siemen_mag8000.o
#        D:\Saoviet_Git\Saoviet_20260703_SVWMDL\Project_Master_TNMT_Ver_3_1\1.Source_Code_L496\wm_gsm_ethernet_v5\EWARM\wm_gsm_ethernet_v3\Obj\socket.o
#        D:\Saoviet_Git\Saoviet_20260703_SVWMDL\Project_Master_TNMT_Ver_3_1\1.Source_Code_L496\wm_gsm_ethernet_v5\EWARM\wm_gsm_ethernet_v3\Obj\spi.o
#        D:\Saoviet_Git\Saoviet_20260703_SVWMDL\Project_Master_TNMT_Ver_3_1\1.Source_Code_L496\wm_gsm_ethernet_v5\EWARM\wm_gsm_ethernet_v3\Obj\ST7565R.o
#        D:\Saoviet_Git\Saoviet_20260703_SVWMDL\Project_Master_TNMT_Ver_3_1\1.Source_Code_L496\wm_gsm_ethernet_v5\EWARM\wm_gsm_ethernet_v3\Obj\startup_stm32l496xx.o
#        D:\Saoviet_Git\Saoviet_20260703_SVWMDL\Project_Master_TNMT_Ver_3_1\1.Source_Code_L496\wm_gsm_ethernet_v5\EWARM\wm_gsm_ethernet_v3\Obj\STM32F0xx.o
#        D:\Saoviet_Git\Saoviet_20260703_SVWMDL\Project_Master_TNMT_Ver_3_1\1.Source_Code_L496\wm_gsm_ethernet_v5\EWARM\wm_gsm_ethernet_v3\Obj\STM32F10x.o
#        D:\Saoviet_Git\Saoviet_20260703_SVWMDL\Project_Master_TNMT_Ver_3_1\1.Source_Code_L496\wm_gsm_ethernet_v5\EWARM\wm_gsm_ethernet_v3\Obj\STM32F4.o
#        D:\Saoviet_Git\Saoviet_20260703_SVWMDL\Project_Master_TNMT_Ver_3_1\1.Source_Code_L496\wm_gsm_ethernet_v5\EWARM\wm_gsm_ethernet_v3\Obj\STM32L4.o
#        D:\Saoviet_Git\Saoviet_20260703_SVWMDL\Project_Master_TNMT_Ver_3_1\1.Source_Code_L496\wm_gsm_ethernet_v5\EWARM\wm_gsm_ethernet_v3\Obj\stm32l4xx_hal.o
#        D:\Saoviet_Git\Saoviet_20260703_SVWMDL\Project_Master_TNMT_Ver_3_1\1.Source_Code_L496\wm_gsm_ethernet_v5\EWARM\wm_gsm_ethernet_v3\Obj\stm32l4xx_hal_adc.o
#        D:\Saoviet_Git\Saoviet_20260703_SVWMDL\Project_Master_TNMT_Ver_3_1\1.Source_Code_L496\wm_gsm_ethernet_v5\EWARM\wm_gsm_ethernet_v3\Obj\stm32l4xx_hal_adc_ex.o
#        D:\Saoviet_Git\Saoviet_20260703_SVWMDL\Project_Master_TNMT_Ver_3_1\1.Source_Code_L496\wm_gsm_ethernet_v5\EWARM\wm_gsm_ethernet_v3\Obj\stm32l4xx_hal_cortex.o
#        D:\Saoviet_Git\Saoviet_20260703_SVWMDL\Project_Master_TNMT_Ver_3_1\1.Source_Code_L496\wm_gsm_ethernet_v5\EWARM\wm_gsm_ethernet_v3\Obj\stm32l4xx_hal_dma.o
#        D:\Saoviet_Git\Saoviet_20260703_SVWMDL\Project_Master_TNMT_Ver_3_1\1.Source_Code_L496\wm_gsm_ethernet_v5\EWARM\wm_gsm_ethernet_v3\Obj\stm32l4xx_hal_dma_ex.o
#        D:\Saoviet_Git\Saoviet_20260703_SVWMDL\Project_Master_TNMT_Ver_3_1\1.Source_Code_L496\wm_gsm_ethernet_v5\EWARM\wm_gsm_ethernet_v3\Obj\stm32l4xx_hal_exti.o
#        D:\Saoviet_Git\Saoviet_20260703_SVWMDL\Project_Master_TNMT_Ver_3_1\1.Source_Code_L496\wm_gsm_ethernet_v5\EWARM\wm_gsm_ethernet_v3\Obj\stm32l4xx_hal_flash.o
#        D:\Saoviet_Git\Saoviet_20260703_SVWMDL\Project_Master_TNMT_Ver_3_1\1.Source_Code_L496\wm_gsm_ethernet_v5\EWARM\wm_gsm_ethernet_v3\Obj\stm32l4xx_hal_flash_ex.o
#        D:\Saoviet_Git\Saoviet_20260703_SVWMDL\Project_Master_TNMT_Ver_3_1\1.Source_Code_L496\wm_gsm_ethernet_v5\EWARM\wm_gsm_ethernet_v3\Obj\stm32l4xx_hal_flash_ramfunc.o
#        D:\Saoviet_Git\Saoviet_20260703_SVWMDL\Project_Master_TNMT_Ver_3_1\1.Source_Code_L496\wm_gsm_ethernet_v5\EWARM\wm_gsm_ethernet_v3\Obj\stm32l4xx_hal_gpio.o
#        D:\Saoviet_Git\Saoviet_20260703_SVWMDL\Project_Master_TNMT_Ver_3_1\1.Source_Code_L496\wm_gsm_ethernet_v5\EWARM\wm_gsm_ethernet_v3\Obj\stm32l4xx_hal_i2c.o
#        D:\Saoviet_Git\Saoviet_20260703_SVWMDL\Project_Master_TNMT_Ver_3_1\1.Source_Code_L496\wm_gsm_ethernet_v5\EWARM\wm_gsm_ethernet_v3\Obj\stm32l4xx_hal_i2c_ex.o
#        D:\Saoviet_Git\Saoviet_20260703_SVWMDL\Project_Master_TNMT_Ver_3_1\1.Source_Code_L496\wm_gsm_ethernet_v5\EWARM\wm_gsm_ethernet_v3\Obj\stm32l4xx_hal_iwdg.o
#        D:\Saoviet_Git\Saoviet_20260703_SVWMDL\Project_Master_TNMT_Ver_3_1\1.Source_Code_L496\wm_gsm_ethernet_v5\EWARM\wm_gsm_ethernet_v3\Obj\stm32l4xx_hal_lptim.o
#        D:\Saoviet_Git\Saoviet_20260703_SVWMDL\Project_Master_TNMT_Ver_3_1\1.Source_Code_L496\wm_gsm_ethernet_v5\EWARM\wm_gsm_ethernet_v3\Obj\stm32l4xx_hal_msp.o
#        D:\Saoviet_Git\Saoviet_20260703_SVWMDL\Project_Master_TNMT_Ver_3_1\1.Source_Code_L496\wm_gsm_ethernet_v5\EWARM\wm_gsm_ethernet_v3\Obj\stm32l4xx_hal_pwr.o
#        D:\Saoviet_Git\Saoviet_20260703_SVWMDL\Project_Master_TNMT_Ver_3_1\1.Source_Code_L496\wm_gsm_ethernet_v5\EWARM\wm_gsm_ethernet_v3\Obj\stm32l4xx_hal_pwr_ex.o
#        D:\Saoviet_Git\Saoviet_20260703_SVWMDL\Project_Master_TNMT_Ver_3_1\1.Source_Code_L496\wm_gsm_ethernet_v5\EWARM\wm_gsm_ethernet_v3\Obj\stm32l4xx_hal_rcc.o
#        D:\Saoviet_Git\Saoviet_20260703_SVWMDL\Project_Master_TNMT_Ver_3_1\1.Source_Code_L496\wm_gsm_ethernet_v5\EWARM\wm_gsm_ethernet_v3\Obj\stm32l4xx_hal_rcc_ex.o
#        D:\Saoviet_Git\Saoviet_20260703_SVWMDL\Project_Master_TNMT_Ver_3_1\1.Source_Code_L496\wm_gsm_ethernet_v5\EWARM\wm_gsm_ethernet_v3\Obj\stm32l4xx_hal_rtc.o
#        D:\Saoviet_Git\Saoviet_20260703_SVWMDL\Project_Master_TNMT_Ver_3_1\1.Source_Code_L496\wm_gsm_ethernet_v5\EWARM\wm_gsm_ethernet_v3\Obj\stm32l4xx_hal_rtc_ex.o
#        D:\Saoviet_Git\Saoviet_20260703_SVWMDL\Project_Master_TNMT_Ver_3_1\1.Source_Code_L496\wm_gsm_ethernet_v5\EWARM\wm_gsm_ethernet_v3\Obj\stm32l4xx_hal_spi.o
#        D:\Saoviet_Git\Saoviet_20260703_SVWMDL\Project_Master_TNMT_Ver_3_1\1.Source_Code_L496\wm_gsm_ethernet_v5\EWARM\wm_gsm_ethernet_v3\Obj\stm32l4xx_hal_spi_ex.o
#        D:\Saoviet_Git\Saoviet_20260703_SVWMDL\Project_Master_TNMT_Ver_3_1\1.Source_Code_L496\wm_gsm_ethernet_v5\EWARM\wm_gsm_ethernet_v3\Obj\stm32l4xx_hal_tim.o
#        D:\Saoviet_Git\Saoviet_20260703_SVWMDL\Project_Master_TNMT_Ver_3_1\1.Source_Code_L496\wm_gsm_ethernet_v5\EWARM\wm_gsm_ethernet_v3\Obj\stm32l4xx_hal_tim_ex.o
#        D:\Saoviet_Git\Saoviet_20260703_SVWMDL\Project_Master_TNMT_Ver_3_1\1.Source_Code_L496\wm_gsm_ethernet_v5\EWARM\wm_gsm_ethernet_v3\Obj\stm32l4xx_hal_uart.o
#        D:\Saoviet_Git\Saoviet_20260703_SVWMDL\Project_Master_TNMT_Ver_3_1\1.Source_Code_L496\wm_gsm_ethernet_v5\EWARM\wm_gsm_ethernet_v3\Obj\stm32l4xx_hal_uart_ex.o
#        D:\Saoviet_Git\Saoviet_20260703_SVWMDL\Project_Master_TNMT_Ver_3_1\1.Source_Code_L496\wm_gsm_ethernet_v5\EWARM\wm_gsm_ethernet_v3\Obj\stm32l4xx_it.o
#        D:\Saoviet_Git\Saoviet_20260703_SVWMDL\Project_Master_TNMT_Ver_3_1\1.Source_Code_L496\wm_gsm_ethernet_v5\EWARM\wm_gsm_ethernet_v3\Obj\syscall.o
#        D:\Saoviet_Git\Saoviet_20260703_SVWMDL\Project_Master_TNMT_Ver_3_1\1.Source_Code_L496\wm_gsm_ethernet_v5\EWARM\wm_gsm_ethernet_v3\Obj\system_stm32l4xx.o
#        D:\Saoviet_Git\Saoviet_20260703_SVWMDL\Project_Master_TNMT_Ver_3_1\1.Source_Code_L496\wm_gsm_ethernet_v5\EWARM\wm_gsm_ethernet_v3\Obj\text.o
#        D:\Saoviet_Git\Saoviet_20260703_SVWMDL\Project_Master_TNMT_Ver_3_1\1.Source_Code_L496\wm_gsm_ethernet_v5\EWARM\wm_gsm_ethernet_v3\Obj\text_tiny.o
#        D:\Saoviet_Git\Saoviet_20260703_SVWMDL\Project_Master_TNMT_Ver_3_1\1.Source_Code_L496\wm_gsm_ethernet_v5\EWARM\wm_gsm_ethernet_v3\Obj\tim.o
#        D:\Saoviet_Git\Saoviet_20260703_SVWMDL\Project_Master_TNMT_Ver_3_1\1.Source_Code_L496\wm_gsm_ethernet_v5\EWARM\wm_gsm_ethernet_v3\Obj\unit_tests.o
#        D:\Saoviet_Git\Saoviet_20260703_SVWMDL\Project_Master_TNMT_Ver_3_1\1.Source_Code_L496\wm_gsm_ethernet_v5\EWARM\wm_gsm_ethernet_v3\Obj\usart.o
#        D:\Saoviet_Git\Saoviet_20260703_SVWMDL\Project_Master_TNMT_Ver_3_1\1.Source_Code_L496\wm_gsm_ethernet_v5\EWARM\wm_gsm_ethernet_v3\Obj\user_adc.o
#        D:\Saoviet_Git\Saoviet_20260703_SVWMDL\Project_Master_TNMT_Ver_3_1\1.Source_Code_L496\wm_gsm_ethernet_v5\EWARM\wm_gsm_ethernet_v3\Obj\user_adv_trace.o
#        D:\Saoviet_Git\Saoviet_20260703_SVWMDL\Project_Master_TNMT_Ver_3_1\1.Source_Code_L496\wm_gsm_ethernet_v5\EWARM\wm_gsm_ethernet_v3\Obj\user_app_comm.o
#        D:\Saoviet_Git\Saoviet_20260703_SVWMDL\Project_Master_TNMT_Ver_3_1\1.Source_Code_L496\wm_gsm_ethernet_v5\EWARM\wm_gsm_ethernet_v3\Obj\user_app_ethernet.o
#        D:\Saoviet_Git\Saoviet_20260703_SVWMDL\Project_Master_TNMT_Ver_3_1\1.Source_Code_L496\wm_gsm_ethernet_v5\EWARM\wm_gsm_ethernet_v3\Obj\user_app_modb_m.o
#        D:\Saoviet_Git\Saoviet_20260703_SVWMDL\Project_Master_TNMT_Ver_3_1\1.Source_Code_L496\wm_gsm_ethernet_v5\EWARM\wm_gsm_ethernet_v3\Obj\user_app_modb_s.o
#        D:\Saoviet_Git\Saoviet_20260703_SVWMDL\Project_Master_TNMT_Ver_3_1\1.Source_Code_L496\wm_gsm_ethernet_v5\EWARM\wm_gsm_ethernet_v3\Obj\user_app_sensor.o
#        D:\Saoviet_Git\Saoviet_20260703_SVWMDL\Project_Master_TNMT_Ver_3_1\1.Source_Code_L496\wm_gsm_ethernet_v5\EWARM\wm_gsm_ethernet_v3\Obj\user_app_sim.o
#        D:\Saoviet_Git\Saoviet_20260703_SVWMDL\Project_Master_TNMT_Ver_3_1\1.Source_Code_L496\wm_gsm_ethernet_v5\EWARM\wm_gsm_ethernet_v3\Obj\user_app_wm.o
#        D:\Saoviet_Git\Saoviet_20260703_SVWMDL\Project_Master_TNMT_Ver_3_1\1.Source_Code_L496\wm_gsm_ethernet_v5\EWARM\wm_gsm_ethernet_v3\Obj\user_at_serial.o
#        D:\Saoviet_Git\Saoviet_20260703_SVWMDL\Project_Master_TNMT_Ver_3_1\1.Source_Code_L496\wm_gsm_ethernet_v5\EWARM\wm_gsm_ethernet_v3\Obj\user_convert_variable.o
#        D:\Saoviet_Git\Saoviet_20260703_SVWMDL\Project_Master_TNMT_Ver_3_1\1.Source_Code_L496\wm_gsm_ethernet_v5\EWARM\wm_gsm_ethernet_v3\Obj\user_diskio.o
#        D:\Saoviet_Git\Saoviet_20260703_SVWMDL\Project_Master_TNMT_Ver_3_1\1.Source_Code_L496\wm_gsm_ethernet_v5\EWARM\wm_gsm_ethernet_v3\Obj\user_ec200u.o
#        D:\Saoviet_Git\Saoviet_20260703_SVWMDL\Project_Master_TNMT_Ver_3_1\1.Source_Code_L496\wm_gsm_ethernet_v5\EWARM\wm_gsm_ethernet_v3\Obj\user_internal_mem.o
#        D:\Saoviet_Git\Saoviet_20260703_SVWMDL\Project_Master_TNMT_Ver_3_1\1.Source_Code_L496\wm_gsm_ethernet_v5\EWARM\wm_gsm_ethernet_v3\Obj\user_json.o
#        D:\Saoviet_Git\Saoviet_20260703_SVWMDL\Project_Master_TNMT_Ver_3_1\1.Source_Code_L496\wm_gsm_ethernet_v5\EWARM\wm_gsm_ethernet_v3\Obj\user_l506.o
#        D:\Saoviet_Git\Saoviet_20260703_SVWMDL\Project_Master_TNMT_Ver_3_1\1.Source_Code_L496\wm_gsm_ethernet_v5\EWARM\wm_gsm_ethernet_v3\Obj\user_l511.o
#        D:\Saoviet_Git\Saoviet_20260703_SVWMDL\Project_Master_TNMT_Ver_3_1\1.Source_Code_L496\wm_gsm_ethernet_v5\EWARM\wm_gsm_ethernet_v3\Obj\user_lpm.o
#        D:\Saoviet_Git\Saoviet_20260703_SVWMDL\Project_Master_TNMT_Ver_3_1\1.Source_Code_L496\wm_gsm_ethernet_v5\EWARM\wm_gsm_ethernet_v3\Obj\user_lptim.o
#        D:\Saoviet_Git\Saoviet_20260703_SVWMDL\Project_Master_TNMT_Ver_3_1\1.Source_Code_L496\wm_gsm_ethernet_v5\EWARM\wm_gsm_ethernet_v3\Obj\user_mem.o
#        D:\Saoviet_Git\Saoviet_20260703_SVWMDL\Project_Master_TNMT_Ver_3_1\1.Source_Code_L496\wm_gsm_ethernet_v5\EWARM\wm_gsm_ethernet_v3\Obj\user_mem_comm.o
#        D:\Saoviet_Git\Saoviet_20260703_SVWMDL\Project_Master_TNMT_Ver_3_1\1.Source_Code_L496\wm_gsm_ethernet_v5\EWARM\wm_gsm_ethernet_v3\Obj\user_message.o
#        D:\Saoviet_Git\Saoviet_20260703_SVWMDL\Project_Master_TNMT_Ver_3_1\1.Source_Code_L496\wm_gsm_ethernet_v5\EWARM\wm_gsm_ethernet_v3\Obj\user_modbus_rtu.o
#        D:\Saoviet_Git\Saoviet_20260703_SVWMDL\Project_Master_TNMT_Ver_3_1\1.Source_Code_L496\wm_gsm_ethernet_v5\EWARM\wm_gsm_ethernet_v3\Obj\user_modem.o
#        D:\Saoviet_Git\Saoviet_20260703_SVWMDL\Project_Master_TNMT_Ver_3_1\1.Source_Code_L496\wm_gsm_ethernet_v5\EWARM\wm_gsm_ethernet_v3\Obj\user_obis_sv.o
#        D:\Saoviet_Git\Saoviet_20260703_SVWMDL\Project_Master_TNMT_Ver_3_1\1.Source_Code_L496\wm_gsm_ethernet_v5\EWARM\wm_gsm_ethernet_v3\Obj\user_rs485.o
#        D:\Saoviet_Git\Saoviet_20260703_SVWMDL\Project_Master_TNMT_Ver_3_1\1.Source_Code_L496\wm_gsm_ethernet_v5\EWARM\wm_gsm_ethernet_v3\Obj\user_rtc.o
#        D:\Saoviet_Git\Saoviet_20260703_SVWMDL\Project_Master_TNMT_Ver_3_1\1.Source_Code_L496\wm_gsm_ethernet_v5\EWARM\wm_gsm_ethernet_v3\Obj\user_sd.o
#        D:\Saoviet_Git\Saoviet_20260703_SVWMDL\Project_Master_TNMT_Ver_3_1\1.Source_Code_L496\wm_gsm_ethernet_v5\EWARM\wm_gsm_ethernet_v3\Obj\user_sim.o
#        D:\Saoviet_Git\Saoviet_20260703_SVWMDL\Project_Master_TNMT_Ver_3_1\1.Source_Code_L496\wm_gsm_ethernet_v5\EWARM\wm_gsm_ethernet_v3\Obj\user_sim_common.o
#        D:\Saoviet_Git\Saoviet_20260703_SVWMDL\Project_Master_TNMT_Ver_3_1\1.Source_Code_L496\wm_gsm_ethernet_v5\EWARM\wm_gsm_ethernet_v3\Obj\user_string.o
#        D:\Saoviet_Git\Saoviet_20260703_SVWMDL\Project_Master_TNMT_Ver_3_1\1.Source_Code_L496\wm_gsm_ethernet_v5\EWARM\wm_gsm_ethernet_v3\Obj\user_time.o
#        D:\Saoviet_Git\Saoviet_20260703_SVWMDL\Project_Master_TNMT_Ver_3_1\1.Source_Code_L496\wm_gsm_ethernet_v5\EWARM\wm_gsm_ethernet_v3\Obj\user_timer.o
#        D:\Saoviet_Git\Saoviet_20260703_SVWMDL\Project_Master_TNMT_Ver_3_1\1.Source_Code_L496\wm_gsm_ethernet_v5\EWARM\wm_gsm_ethernet_v3\Obj\user_tiny_vsnprintf.o
#        D:\Saoviet_Git\Saoviet_20260703_SVWMDL\Project_Master_TNMT_Ver_3_1\1.Source_Code_L496\wm_gsm_ethernet_v5\EWARM\wm_gsm_ethernet_v3\Obj\user_uart.o
#        D:\Saoviet_Git\Saoviet_20260703_SVWMDL\Project_Master_TNMT_Ver_3_1\1.Source_Code_L496\wm_gsm_ethernet_v5\EWARM\wm_gsm_ethernet_v3\Obj\user_util.o
#        D:\Saoviet_Git\Saoviet_20260703_SVWMDL\Project_Master_TNMT_Ver_3_1\1.Source_Code_L496\wm_gsm_ethernet_v5\EWARM\wm_gsm_ethernet_v3\Obj\user_wm_digital.o
#        D:\Saoviet_Git\Saoviet_20260703_SVWMDL\Project_Master_TNMT_Ver_3_1\1.Source_Code_L496\wm_gsm_ethernet_v5\EWARM\wm_gsm_ethernet_v3\Obj\w6100.o
#        D:\Saoviet_Git\Saoviet_20260703_SVWMDL\Project_Master_TNMT_Ver_3_1\1.Source_Code_L496\wm_gsm_ethernet_v5\EWARM\wm_gsm_ethernet_v3\Obj\wizchip_conf.o
#        D:\Saoviet_Git\Saoviet_20260703_SVWMDL\Project_Master_TNMT_Ver_3_1\1.Source_Code_L496\wm_gsm_ethernet_v5\EWARM\wm_gsm_ethernet_v3\Obj\wm_mong_cai.o
#        D:\Saoviet_Git\Saoviet_20260703_SVWMDL\Project_Master_TNMT_Ver_3_1\1.Source_Code_L496\wm_gsm_ethernet_v5\EWARM\wm_gsm_ethernet_v3\Obj\wm_mt100.o
#        D:\Saoviet_Git\Saoviet_20260703_SVWMDL\Project_Master_TNMT_Ver_3_1\1.Source_Code_L496\wm_gsm_ethernet_v5\EWARM\wm_gsm_ethernet_v3\Obj\wm_sence.o
#        D:\Saoviet_Git\Saoviet_20260703_SVWMDL\Project_Master_TNMT_Ver_3_1\1.Source_Code_L496\wm_gsm_ethernet_v5\EWARM\wm_gsm_ethernet_v3\Obj\woteck_ultrasonic.o
#        D:\Saoviet_Git\Saoviet_20260703_SVWMDL\Project_Master_TNMT_Ver_3_1\1.Source_Code_L496\wm_gsm_ethernet_v5\EWARM\wm_gsm_ethernet_v3\Obj\woteck_wm.o
#        --no_out_extension -o
#        D:\Saoviet_Git\Saoviet_20260703_SVWMDL\Project_Master_TNMT_Ver_3_1\1.Source_Code_L496\wm_gsm_ethernet_v5\EWARM\wm_gsm_ethernet_v3\Exe\wm_gsm_ethernet_v3.out
#        --redirect _Printf=_PrintfFullNoMb --redirect _Scanf=_ScanfFullNoMb
#        --map
#        D:\Saoviet_Git\Saoviet_20260703_SVWMDL\Project_Master_TNMT_Ver_3_1\1.Source_Code_L496\wm_gsm_ethernet_v5\EWARM\wm_gsm_ethernet_v3\List\wm_gsm_ethernet_v3.map
#        --config
#        D:\Saoviet_Git\Saoviet_20260703_SVWMDL\Project_Master_TNMT_Ver_3_1\1.Source_Code_L496\wm_gsm_ethernet_v5\EWARM/stm32l496xx_flash.icf
#        --semihosting --entry __iar_program_start --vfe --text_out locale)
#
###############################################################################

*******************************************************************************
*** RUNTIME MODEL ATTRIBUTES
***

CppFlavor       = *
__Heap_Handler  = DLMalloc
__SystemLibrary = DLib
__dlib_version  = 6


*******************************************************************************
*** HEAP SELECTION
***

The advanced heap was selected because the application calls memory
allocation functions outside of system library functions, and there
are calls to deallocation functions in the application.


*******************************************************************************
*** PLACEMENT SUMMARY
***

"A0":  place at address 0x800'4000 { ro section .intvec };
"P1":  place in [from 0x800'0000 to 0x80f'ffff] { ro };
define block CSTACK with size = 4608, alignment = 8 { };
define block HEAP with size = 3840, alignment = 8 { };
"P2":  place in [from 0x2000'0000 to 0x2004'ffff] {
          rw, block CSTACK, block HEAP };
initialize by copy { rw };

  Section            Kind         Address      Size  Object
  -------            ----         -------      ----  ------
"A0":                                         0x1ac
  .intvec            ro code   0x800'4000     0x1ac  startup_stm32l496xx.o [1]
                             - 0x800'41ac     0x1ac

"P1":                                      0x3'a490
  .text              ro code   0x800'41ac    0x4b98  user_app_wm.o [1]
  .text              ro code   0x800'8d44     0x3c4  user_timer.o [1]
  .text              ro code   0x800'9108     0x184  user_rs485.o [1]
  .text              ro code   0x800'928c       0xc  stm32l4xx_hal.o [1]
  .text              ro code   0x800'9298      0x54  event_driven.o [1]
  .text              ro code   0x800'92ec     0x73c  user_util.o [1]
  .text              ro code   0x800'9a28     0x32c  user_time.o [1]
  .text              ro code   0x800'9d54     0x2fe  user_adv_trace.o [1]
  .text              ro code   0x800'a052      0x56  level_S_YW_01B.o [1]
  .text              ro code   0x800'a0a8    0x32a8  user_app_ethernet.o [1]
  .text              ro code   0x800'd350    0x158c  user_app_sim.o [1]
  .text              ro code   0x800'e8dc      0x66  ABImemset.o [4]
  .text              ro code   0x800'e942      0x3a  zero_init3.o [4]
  .text              ro code   0x800'e97c     0x1cc  user_lptim.o [1]
  .text              ro code   0x800'eb48      0x40  sprintf.o [2]
  .text              ro code   0x800'eb88      0x58  S64ToFlt.o [3]
  .text              ro code   0x800'ebe0      0x48  FltToDbl.o [3]
  .text              ro code   0x800'ec28      0x68  DblToFlt.o [3]
  .text              ro code   0x800'ec90     0x152  user_adc.o [1]
  .text              ro code   0x800'ede2      0x2a  level_ultrasonic.o [1]
  .text              ro code   0x800'ee0c     0x40c  stm32l4xx_hal_gpio.o [1]
  .text              ro code   0x800'f218      0x2e  DblCmpLe.o [3]
  .text              ro code   0x800'f246       0xa  xsprout.o [2]
  .text              ro code   0x800'f250      0xe2  DblSub.o [3]
  .rodata            const     0x800'f332       0x2  user_app_wm.o [1]
  .text              ro code   0x800'f334     0x1a2  DblMul.o [3]
  .rodata            const     0x800'f4d6       0x2  user_ec200u.o [1]
  .text              ro code   0x800'f4d8     0x246  DblDiv.o [3]
  .rodata            const     0x800'f71e       0x2  user_ec200u.o [1]
  .text              ro code   0x800'f720     0x17a  DblAdd.o [3]
  .rodata            const     0x800'f89a       0x2  xlocale_c.o [2]
  .text              ro code   0x800'f89c      0xa6  ABImemcpy.o [4]
  .text              ro code   0x800'f942     0x310  user_obis_sv.o [1]
  .rodata            const     0x800'fc52       0x2  xlocale_c.o [2]
  .text              ro code   0x800'fc54    0x1390  user_mem.o [1]
  .text              ro code   0x801'0fe4     0x1f2  onchipflash.o [1]
  .rodata            const     0x801'11d6       0x1  xlocale_c.o [2]
  .text              ro code   0x801'11d8      0x36  strlen.o [4]
  .text              ro code   0x801'120e      0x90  iar_Stolx.o [2]
  .text              ro code   0x801'12a0     0x3a4  strto32.o [3]
  .text              ro code   0x801'1644      0x3a  FltToU64.o [3]
  .text              ro code   0x801'1680      0x16  strchr.o [4]
  .text              ro code   0x801'1698      0x70  strncpy.o [4]
  .text              ro code   0x801'1708      0x1a  U32ToDbl.o [3]
  .text              ro code   0x801'1724      0x22  S32ToDbl.o [3]
  .text              ro code   0x801'1748      0x3a  DblToS32.o [3]
  .text              ro code   0x801'1784     0x4dc  usart.o [1]
  .text              ro code   0x801'1c60     0xeac  stm32l4xx_hal_uart.o [1]
  .text              ro code   0x801'2b0c     0x194  stm32l4xx_hal_cortex.o [1]
  .text              ro code   0x801'2ca0      0x28  stm32l4xx_hal.o [1]
  .text              ro code   0x801'2cc8      0x1e  math_wrappers64.o [3]
  .text              ro code   0x801'2ce8     0x14c  iar_Stoulx.o [2]
  .text              ro code   0x801'2e34    0x14dc  dlmalloc.o [2]
  .text              ro code   0x801'4310       0x4  heaptramp0.o [2]
  .text              ro code   0x801'4314     0x78e  stm32l4xx_hal_rtc.o [1]
  .text              ro code   0x801'4aa4     0x350  user_tiny_vsnprintf.o [1]
  .text              ro code   0x801'4df4       0x2  user_adv_trace.o [1]
  .text              ro code   0x801'4df6       0x8  abs.o [2]
  .text              ro code   0x801'4e00     0x33c  w6100.o [1]
  .text              ro code   0x801'513c    0x26ec  user_modem.o [1]
  .text              ro code   0x801'7828    0x1118  dhcpv4.o [1]
  .text              ro code   0x801'8940     0xd28  dhcpv6.o [1]
  .text              ro code   0x801'9668     0xb64  wizchip_conf.o [1]
  .text              ro code   0x801'a1cc     0x68c  dns.o [1]
  .text              ro code   0x801'a858     0x1b6  queue_p.o [1]
  .text              ro code   0x801'aa10     0xf2c  socket.o [1]
  .text              ro code   0x801'b93c     0xde8  user_message.o [1]
  .text              ro code   0x801'c724     0x1e6  user_string.o [1]
  .text              ro code   0x801'c90c     0xf34  user_app_modb_s.o [1]
  .text              ro code   0x801'd840    0x17e4  user_app_sensor.o [1]
  .text              ro code   0x801'f024     0xb20  user_app_comm.o [1]
  .text              ro code   0x801'fb44     0xdfc  stm32l4xx_hal_spi.o [1]
  .text              ro code   0x802'0940      0x4c  strtok.o [2]
  .text              ro code   0x802'098c     0x1b4  stm32l4xx_hal_flash.o [1]
  .text              ro code   0x802'0b40     0x9f6  user_sim_common.o [1]
  .text              ro code   0x802'1538     0x7c8  user_sim.o [1]
  .text              ro code   0x802'1d00     0xc56  user_ec200u.o [1]
  .text              ro code   0x802'2958     0x11c  stm32l4xx_hal_lptim.o [1]
  .text              ro code   0x802'2a74     0x3bc  stm32l4xx_hal_tim.o [1]
  .text              ro code   0x802'2e30     0xfc6  xprintffull_nomb.o [2]
  .text              ro code   0x802'3df8     0xf3c  stm32l4xx_hal_adc.o [1]
  .text              ro code   0x802'4d34      0xfc  main.o [1]
  .text              ro code   0x802'4e30     0x1e0  stm32l4xx_hal_adc_ex.o [1]
  .text              ro code   0x802'5010      0x68  memcmp.o [4]
  .text              ro code   0x802'5078     0x104  user_internal_mem.o [1]
  .text              ro code   0x802'517c     0xa38  S25FL216K.o [1]
  .text              ro code   0x802'5bb4     0x3b0  user_sd.o [1]
  .text              ro code   0x802'5f64      0xb4  stm32l4xx_hal_flash_ex.o [1]
  .text              ro code   0x802'6018      0x14  isspace.o [2]
  .text              ro code   0x802'602c      0x48  frexpf.o [3]
  .text              ro code   0x802'6074      0xc4  ldexpf.o [3]
  .text              ro code   0x802'6138     0x122  iar_Stopfx.o [2]
  .text              ro code   0x802'625c     0x1b8  iar_Stoflt.o [2]
  .text              ro code   0x802'6414     0x208  iar_Stoxflt.o [2]
  .text              ro code   0x802'661c      0x14  memset.o [4]
  .text              ro code   0x802'6630     0x730  stm32l4xx_hal_rcc_ex.o [1]
  .text              ro code   0x802'6d60     0x476  stm32l4xx_hal_dma.o [1]
  .text              ro code   0x802'71d6       0x2  stm32l4xx_hal_uart.o [1]
  .text              ro code   0x802'71d8      0xa8  user_uart.o [1]
  .text              ro code   0x802'7280       0x2  stm32l4xx_hal_uart_ex.o [1]
  .text              ro code   0x802'7284     0xa04  stm32l4xx_hal_rcc.o [1]
  .text              ro code   0x802'7c88     0x230  I64DivMod.o [4]
  .text              ro code   0x802'7eb8       0x2  stm32l4xx_hal_uart.o [1]
  .text              ro code   0x802'7ebc     0x4f8  strto64.o [3]
  .text              ro code   0x802'83b4     0x6ec  pow64.o [3]
  .text              ro code   0x802'8aa0      0x14  tolower.o [2]
  .text              ro code   0x802'8ab4      0x58  memchr.o [4]
  .text              ro code   0x802'8b0c       0x6  abort.o [2]
  .text              ro code   0x802'8b14      0x2c  xgetmemchunk.o [2]
  .text              ro code   0x802'8b40       0x6  ABImemclr.o [4]
  .text              ro code   0x802'8b48      0x58  rtc.o [1]
  .text              ro code   0x802'8ba0     0x3b0  user_rtc.o [1]
  .text              ro code   0x802'8f50       0x2  stm32l4xx_hal_rtc_ex.o [1]
  .text              ro code   0x802'8f52      0x2c  strstr.o [2]
  .text              ro code   0x802'8f80      0x46  U64ToDbl.o [3]
  .text              ro code   0x802'8fc8      0x48  U64ToFlt.o [3]
  .text              ro code   0x802'9010       0x6  ABImemclr4.o [4]
  .text              ro code   0x802'9018      0x18  strcpy.o [4]
  .text              ro code   0x802'9030      0x12  strcmp.o [4]
  .text              ro code   0x802'9044      0xe0  MQTTSerializePublish.o [1]
  .text              ro code   0x802'9124     0x994  user_convert_variable.o [1]
  .text              ro code   0x802'9ab8      0xe8  MQTTSubscribeClient.o [1]
  .text              ro code   0x802'9ba0     0x200  MQTTConnectClient.o [1]
  .text              ro code   0x802'9da0     0x362  user_modbus_rtu.o [1]
  .text              ro code   0x802'a104      0x38  roundf.o [3]
  .text              ro code   0x802'a13c      0x80  stm32l4xx_hal_iwdg.o [1]
  .text              ro code   0x802'a1bc     0x148  user_lpm.o [1]
  .text              ro code   0x802'a304    0x1638  user_app_modb_m.o [1]
  .text              ro code   0x802'b93c    0x1970  lcd_display.o [1]
  .text              ro code   0x802'd2ac     0x324  spi.o [1]
  .text              ro code   0x802'd5d0       0x2  stm32l4xx_hal_spi.o [1]
  .text              ro code   0x802'd5d4     0x610  sd_spi.o [1]
  .text              ro code   0x802'dbe4       0x2  stm32l4xx_hal_spi.o [1]
  .text              ro code   0x802'dbe6       0x2  stm32l4xx_hal_spi.o [1]
  .text              ro code   0x802'dbe8       0x2  stm32l4xx_hal_spi.o [1]
  .text              ro code   0x802'dbea       0x2  stm32l4xx_hal_spi.o [1]
  .text              ro code   0x802'dbec      0x22  strspn.o [2]
  .text              ro code   0x802'dc0e      0x22  strcspn.o [2]
  .text              ro code   0x802'dc30     0x194  lptim.o [1]
  .text              ro code   0x802'ddc4     0x1dc  tim.o [1]
  .text              ro code   0x802'dfa0      0x40  xfail_s.o [2]
  .text              ro code   0x802'dfe0      0x70  frexp.o [3]
  .text              ro code   0x802'e050      0x2e  DblCmpGe.o [3]
  .text              ro code   0x802'e080     0x13a  ldexp.o [3]
  .text              ro code   0x802'e1bc      0x28  DblToU32.o [3]
  .text              ro code   0x802'e1e4      0x4c  xlocale_c.o [2]
  .text              ro code   0x802'e230     0x1dc  adc.o [1]
  .text              ro code   0x802'e40c      0x24  stm32l4xx_hal.o [1]
  .text              ro code   0x802'e430     0x2fc  gpio.o [1]
  .text              ro code   0x802'e72c      0x90  dma.o [1]
  .text              ro code   0x802'e7bc      0xf4  i2c.o [1]
  .text              ro code   0x802'e8b0      0x2c  iwdg.o [1]
  .text              ro code   0x802'e8dc     0x110  stm32l4xx_hal_pwr_ex.o [1]
  .text              ro code   0x802'e9ec      0x7c  stm32l4xx_hal_pwr.o [1]
  .text              ro code   0x802'ea68     0x2b4  sd_functions.o [1]
  .text              ro code   0x802'ed1c    0x228a  ff.o [1]
  .text              ro code   0x803'0fa6      0x14  isalpha.o [2]
  .text              ro code   0x803'0fbc      0x60  stm32l4xx_hal.o [1]
  .text              ro code   0x803'101c       0x2  I64DivZer.o [4]
  .text              ro code   0x803'1020      0x20  DblCmpEq.o [3]
  .text              ro code   0x803'1040     0x3e8  iar_Exp64.o [3]
  .text              ro code   0x803'1428      0x14  exit.o [5]
  .text              ro code   0x803'143c      0x48  stm32l4xx_hal_rtc_ex.o [1]
  .text              ro code   0x803'1484      0x32  ABImemset48.o [4]
  .text              ro code   0x803'14b8     0x11c  MQTTPacket.o [1]
  .text              ro code   0x803'15d4      0x10  stm32l4xx_hal.o [1]
  .text              ro code   0x803'15e4      0x10  stm32l4xx_hal.o [1]
  .text              ro code   0x803'15f4      0x68  user_wm_digital.o [1]
  .text              ro code   0x803'165c      0xa0  STM32L4.o [1]
  .text              ro code   0x803'16fc     0x290  text_tiny.o [1]
  .text              ro code   0x803'198c      0x14  unit_tests.o [1]
  .text              ro code   0x803'19a0      0xe8  glcd.o [1]
  .text              ro code   0x803'1a88     0x390  text.o [1]
  .text              ro code   0x803'1e18     0x2b0  graphics.o [1]
  .text              ro code   0x803'20c8     0x154  ST7565R.o [1]
  .text              ro code   0x803'221c      0x52  DblToU64.o [3]
  .text              ro code   0x803'2270    0x3408  button.o [1]
  .text              ro code   0x803'5678      0xb4  stm32l4xx_hal_tim_ex.o [1]
  .text              ro code   0x803'572c      0x38  stm32l4xx_hal_msp.o [1]
  .text              ro code   0x803'5764      0xde  stm32l4xx_hal_i2c.o [1]
  .text              ro code   0x803'5844      0xc6  stm32l4xx_hal_i2c_ex.o [1]
  .text              ro code   0x803'590c      0xb8  ff_gen_drv.o [1]
  .text              ro code   0x803'59c4      0xf0  diskio.o [1]
  .text              ro code   0x803'5ab4     0x130  ccsbcs.o [1]
  .text              ro code   0x803'5be4      0x18  syscall.o [1]
  .text              ro code   0x803'5bfc       0x4  fatfs.o [1]
  .text              ro code   0x803'5c00      0x2c  iarttio.o [5]
  .text              ro code   0x803'5c2c       0xc  XShttio.o [2]
  .rodata            const     0x803'5c38     0x8d0  user_ec200u.o [1]
  .rodata            const     0x803'6508     0x548  lcd_display.o [1]
  .rodata            const     0x803'6a50      0x44  user_mem.o [1]
  .rodata            const     0x803'6a98     0x420  pow64.o [3]
  .rodata            const     0x803'6eb8     0x400  unit_tests.o [1]
  .text              ro code   0x803'72b8     0x3bc  siemen_mag8000.o [1]
  .text              ro code   0x803'7674     0x370  siemen_mag6000.o [1]
  .text              ro code   0x803'79e4     0x230  wm_sence.o [1]
  .rodata            const     0x803'7c14     0x214  lcd_display.o [1]
  .rodata            const     0x803'7e28     0x1f4  ccsbcs.o [1]
  .text              ro code   0x803'801c     0x1ec  woteck_wm.o [1]
  .rodata            const     0x803'8208     0x1e0  user_message.o [1]
  .text              ro code   0x803'83e8     0x1e0  woteck_ultrasonic.o [1]
  .text              ro code   0x803'85c8     0x1c4  wm_mt100.o [1]
  .rodata            const     0x803'878c     0x180  lcd_display.o [1]
  .rodata            const     0x803'890c     0x12c  user_app_sensor.o [1]
  .rodata            const     0x803'8a38     0x12c  user_app_sensor.o [1]
  .rodata            const     0x803'8b64     0x12c  user_app_sensor.o [1]
  .rodata            const     0x803'8c90     0x12c  user_app_sensor.o [1]
  .rodata            const     0x803'8dbc     0x100  ccsbcs.o [1]
  .rodata            const     0x803'8ebc     0x100  user_message.o [1]
  .text              ro code   0x803'8fbc      0xfa  sd_diskio_spi.o [1]
  .text              ro code   0x803'90b8      0xf8  stm32l4xx_it.o [1]
  .text              ro code   0x803'91b0      0x18  stm32l4xx_hal.o [1]
  .rodata            const     0x803'91c8      0xd0  user_ec200u.o [1]
  .rodata            const     0x803'9298      0xc8  user_app_sensor.o [1]
  .rodata            const     0x803'9360      0xc8  user_app_sensor.o [1]
  .text              ro code   0x803'9428      0xc8  wm_mong_cai.o [1]
  .rodata            const     0x803'94f0      0xbc  ccsbcs.o [1]
  .rodata            const     0x803'95ac      0xb8  sd_functions.o [1]
  .rodata            const     0x803'9664      0x80  ff.o [1]
  .text              ro code   0x803'96e4      0x78  lz77_init_single.o [4]
  .rodata            const     0x803'975c      0x50  user_modem.o [1]
  .rodata            const     0x803'97ac      0x50  iar_Stoulx.o [2]
  .rodata            const     0x803'97fc      0x3c  user_mem.o [1]
  .rodata            const     0x803'9838      0x48  strto64.o [3]
  .text              ro code   0x803'9880      0x48  level_SUP_PX261_B.o [1]
  .rodata            const     0x803'98c8      0x40  user_mem.o [1]
  .rodata            const     0x803'9908      0x38  sd_functions.o [1]
  .rodata            const     0x803'9940      0x38  user_app_wm.o [1]
  .rodata            const     0x803'9978      0x38  user_mem.o [1]
  .rodata            const     0x803'99b0      0x34  user_app_ethernet.o [1]
  .rodata            const     0x803'99e4      0x34  user_app_sensor.o [1]
  .rodata            const     0x803'9a18      0x34  user_app_sensor.o [1]
  .rodata            const     0x803'9a4c      0x34  user_modem.o [1]
  .rodata            const     0x803'9a80      0x30  system_stm32l4xx.o [1]
  .rodata            const     0x803'9ab0      0x30  user_app_ethernet.o [1]
  .rodata            const     0x803'9ae0      0x30  user_app_ethernet.o [1]
  .rodata            const     0x803'9b10      0x30  user_ec200u.o [1]
  .rodata            const     0x803'9b40      0x30  user_ec200u.o [1]
  .rodata            const     0x803'9b70      0x30  user_mem.o [1]
  .rodata            const     0x803'9ba0      0x2c  user_app_comm.o [1]
  .rodata            const     0x803'9bcc      0x2c  user_app_ethernet.o [1]
  .rodata            const     0x803'9bf8      0x2c  user_app_ethernet.o [1]
  .rodata            const     0x803'9c24      0x2c  user_app_ethernet.o [1]
  .rodata            const     0x803'9c50      0x2c  user_mem.o [1]
  .rodata            const     0x803'9c7c      0x2c  user_rtc.o [1]
  .rodata            const     0x803'9ca8      0x28  S25FL216K.o [1]
  .rodata            const     0x803'9cd0      0x28  S25FL216K.o [1]
  .rodata            const     0x803'9cf8      0x28  user_app_ethernet.o [1]
  .rodata            const     0x803'9d20      0x28  user_app_ethernet.o [1]
  .rodata            const     0x803'9d48      0x28  user_app_sensor.o [1]
  .rodata            const     0x803'9d70      0x28  user_app_wm.o [1]
  .rodata            const     0x803'9d98      0x28  user_ec200u.o [1]
  .rodata            const     0x803'9dc0      0x28  user_ec200u.o [1]
  .rodata            const     0x803'9de8      0x28  user_ec200u.o [1]
  .rodata            const     0x803'9e10      0x28  user_modem.o [1]
  .rodata            const     0x803'9e38      0x28  user_tiny_vsnprintf.o [1]
  .rodata            const     0x803'9e60      0x28  user_tiny_vsnprintf.o [1]
  .text              ro code   0x803'9e88      0x28  data_init.o [4]
  .rodata            const     0x803'9eb0      0x24  user_app_comm.o [1]
  .rodata            const     0x803'9ed4      0x24  user_app_comm.o [1]
  .rodata            const     0x803'9ef8      0x24  user_app_comm.o [1]
  .rodata            const     0x803'9f1c      0x24  user_app_comm.o [1]
  .rodata            const     0x803'9f40      0x24  user_app_ethernet.o [1]
  .rodata            const     0x803'9f64      0x24  user_app_ethernet.o [1]
  .rodata            const     0x803'9f88      0x24  user_app_ethernet.o [1]
  .rodata            const     0x803'9fac      0x24  user_app_ethernet.o [1]
  .rodata            const     0x803'9fd0      0x24  user_app_ethernet.o [1]
  .rodata            const     0x803'9ff4      0x24  user_app_ethernet.o [1]
  .rodata            const     0x803'a018      0x24  user_app_ethernet.o [1]
  .rodata            const     0x803'a03c      0x24  user_app_ethernet.o [1]
  .rodata            const     0x803'a060      0x24  user_app_ethernet.o [1]
  .rodata            const     0x803'a084      0x24  user_app_ethernet.o [1]
  .rodata            const     0x803'a0a8      0x24  user_app_ethernet.o [1]
  .rodata            const     0x803'a0cc      0x24  user_app_ethernet.o [1]
  .rodata            const     0x803'a0f0      0x24  user_app_ethernet.o [1]
  .rodata            const     0x803'a114      0x24  user_app_sim.o [1]
  .rodata            const     0x803'a138      0x24  user_app_sim.o [1]
  .rodata            const     0x803'a15c      0x24  user_ec200u.o [1]
  .rodata            const     0x803'a180      0x24  user_mem.o [1]
  .text              ro code   0x803'a1a4      0x22  fpinit_M.o [3]
  .iar.init_table    const     0x803'a1c8      0x20  - Linker created -
  .rodata            const     0x803'a1e8      0x20  S25FL216K.o [1]
  .rodata            const     0x803'a208      0x20  sd_functions.o [1]
  .rodata            const     0x803'a228      0x20  sd_functions.o [1]
  .rodata            const     0x803'a248      0x20  sd_functions.o [1]
  .rodata            const     0x803'a268      0x20  user_app_comm.o [1]
  .rodata            const     0x803'a288      0x20  user_app_comm.o [1]
  .rodata            const     0x803'a2a8      0x20  user_app_comm.o [1]
  .rodata            const     0x803'a2c8      0x20  user_app_comm.o [1]
  .rodata            const     0x803'a2e8      0x20  user_app_comm.o [1]
  .rodata            const     0x803'a308      0x20  user_app_comm.o [1]
  .rodata            const     0x803'a328      0x20  user_app_comm.o [1]
  .rodata            const     0x803'a348      0x20  user_app_ethernet.o [1]
  .rodata            const     0x803'a368      0x20  user_app_ethernet.o [1]
  .rodata            const     0x803'a388      0x20  user_app_ethernet.o [1]
  .rodata            const     0x803'a3a8      0x20  user_app_ethernet.o [1]
  .rodata            const     0x803'a3c8      0x20  user_app_ethernet.o [1]
  .rodata            const     0x803'a3e8      0x20  user_app_ethernet.o [1]
  .rodata            const     0x803'a408      0x20  user_app_ethernet.o [1]
  .rodata            const     0x803'a428      0x20  user_app_ethernet.o [1]
  .rodata            const     0x803'a448      0x20  user_app_ethernet.o [1]
  .rodata            const     0x803'a468      0x20  user_app_ethernet.o [1]
  .rodata            const     0x803'a488      0x20  user_app_ethernet.o [1]
  .rodata            const     0x803'a4a8      0x20  user_app_ethernet.o [1]
  .rodata            const     0x803'a4c8      0x20  user_app_ethernet.o [1]
  .rodata            const     0x803'a4e8      0x20  user_app_ethernet.o [1]
  .rodata            const     0x803'a508      0x20  user_app_sim.o [1]
  .rodata            const     0x803'a528      0x20  user_app_sim.o [1]
  .rodata            const     0x803'a548      0x20  user_app_sim.o [1]
  .rodata            const     0x803'a568      0x20  user_app_wm.o [1]
  .rodata            const     0x803'a588      0x20  user_app_wm.o [1]
  .rodata            const     0x803'a5a8      0x20  user_ec200u.o [1]
  .rodata            const     0x803'a5c8      0x20  user_ec200u.o [1]
  .rodata            const     0x803'a5e8      0x20  user_ec200u.o [1]
  .rodata            const     0x803'a608      0x20  user_ec200u.o [1]
  .rodata            const     0x803'a628      0x20  user_ec200u.o [1]
  .rodata            const     0x803'a648      0x20  user_ec200u.o [1]
  .rodata            const     0x803'a668      0x20  user_mem.o [1]
  .rodata            const     0x803'a688      0x20  user_mem.o [1]
  .rodata            const     0x803'a6a8      0x20  user_mem.o [1]
  .rodata            const     0x803'a6c8      0x20  user_mem.o [1]
  .rodata            const     0x803'a6e8      0x20  user_message.o [1]
  .rodata            const     0x803'a708      0x20  user_modem.o [1]
  .rodata            const     0x803'a728      0x20  user_modem.o [1]
  .rodata            const     0x803'a748      0x20  user_rtc.o [1]
  .rodata            const     0x803'a768      0x20  user_sim.o [1]
  .rodata            const     0x803'a788      0x20  user_sim.o [1]
  .rodata            const     0x803'a7a8      0x20  user_sim_common.o [1]
  .rodata            const     0x803'a7c8      0x20  user_sim_common.o [1]
  .text              ro code   0x803'a7e8      0x20  system_stm32l4xx.o [1]
  .text              ro code   0x803'a808      0x1e  cmain.o [4]
  .text              ro code   0x803'a826       0x4  low_level_init.o [2]
  .text              ro code   0x803'a82a       0x4  exit.o [2]
  .text              ro code   0x803'a830       0xa  cexit.o [4]
  .rodata            const     0x803'a83c      0x1c  S25FL216K.o [1]
  .rodata            const     0x803'a858      0x1c  sd_functions.o [1]
  .rodata            const     0x803'a874      0x1c  sd_functions.o [1]
  .rodata            const     0x803'a890      0x1c  sd_functions.o [1]
  .rodata            const     0x803'a8ac      0x1c  siemen_mag6000.o [1]
  .rodata            const     0x803'a8c8      0x1c  siemen_mag8000.o [1]
  .rodata            const     0x803'a8e4      0x1c  user_app_comm.o [1]
  .rodata            const     0x803'a900      0x1c  user_app_comm.o [1]
  .rodata            const     0x803'a91c      0x1c  user_app_comm.o [1]
  .rodata            const     0x803'a938      0x1c  user_app_comm.o [1]
  .rodata            const     0x803'a954      0x1c  user_app_comm.o [1]
  .rodata            const     0x803'a970      0x1c  user_app_comm.o [1]
  .rodata            const     0x803'a98c      0x1c  user_app_ethernet.o [1]
  .rodata            const     0x803'a9a8      0x1c  user_app_ethernet.o [1]
  .rodata            const     0x803'a9c4      0x1c  user_app_ethernet.o [1]
  .rodata            const     0x803'a9e0      0x1c  user_app_ethernet.o [1]
  .rodata            const     0x803'a9fc      0x1c  user_app_ethernet.o [1]
  .rodata            const     0x803'aa18      0x1c  user_app_ethernet.o [1]
  .rodata            const     0x803'aa34      0x1c  user_app_ethernet.o [1]
  .rodata            const     0x803'aa50      0x1c  user_app_ethernet.o [1]
  .rodata            const     0x803'aa6c      0x1c  user_app_ethernet.o [1]
  .rodata            const     0x803'aa88      0x1c  user_app_ethernet.o [1]
  .rodata            const     0x803'aaa4      0x1c  user_app_ethernet.o [1]
  .rodata            const     0x803'aac0      0x1c  user_app_ethernet.o [1]
  .rodata            const     0x803'aadc      0x1c  user_app_ethernet.o [1]
  .rodata            const     0x803'aaf8      0x1c  user_app_ethernet.o [1]
  .rodata            const     0x803'ab14      0x1c  user_app_ethernet.o [1]
  .rodata            const     0x803'ab30      0x1c  user_app_ethernet.o [1]
  .rodata            const     0x803'ab4c      0x1c  user_app_sim.o [1]
  .rodata            const     0x803'ab68      0x1c  user_app_sim.o [1]
  .rodata            const     0x803'ab84      0x1c  user_app_sim.o [1]
  .rodata            const     0x803'aba0      0x1c  user_app_sim.o [1]
  .rodata            const     0x803'abbc      0x1c  user_app_sim.o [1]
  .rodata            const     0x803'abd8      0x1c  user_app_wm.o [1]
  .rodata            const     0x803'abf4      0x1c  user_app_wm.o [1]
  .rodata            const     0x803'ac10      0x1c  user_app_wm.o [1]
  .rodata            const     0x803'ac2c      0x1c  user_app_wm.o [1]
  .rodata            const     0x803'ac48      0x1c  user_app_wm.o [1]
  .rodata            const     0x803'ac64      0x1c  user_ec200u.o [1]
  .rodata            const     0x803'ac80      0x1c  user_ec200u.o [1]
  .rodata            const     0x803'ac9c      0x1c  user_ec200u.o [1]
  .rodata            const     0x803'acb8      0x1c  user_ec200u.o [1]
  .rodata            const     0x803'acd4      0x1c  user_ec200u.o [1]
  .rodata            const     0x803'acf0      0x1c  user_ec200u.o [1]
  .rodata            const     0x803'ad0c      0x1c  user_ec200u.o [1]
  .rodata            const     0x803'ad28      0x1c  user_ec200u.o [1]
  .rodata            const     0x803'ad44      0x1c  user_ec200u.o [1]
  .rodata            const     0x803'ad60      0x1c  user_ec200u.o [1]
  .rodata            const     0x803'ad7c      0x1c  user_ec200u.o [1]
  .rodata            const     0x803'ad98      0x1c  user_ec200u.o [1]
  .rodata            const     0x803'adb4      0x1c  user_mem.o [1]
  .rodata            const     0x803'add0      0x1c  user_mem.o [1]
  .rodata            const     0x803'adec      0x1c  user_mem.o [1]
  .rodata            const     0x803'ae08      0x1c  user_mem.o [1]
  .rodata            const     0x803'ae24      0x1c  user_mem.o [1]
  .rodata            const     0x803'ae40      0x1c  user_modem.o [1]
  .rodata            const     0x803'ae5c      0x1c  user_modem.o [1]
  .rodata            const     0x803'ae78      0x1c  user_modem.o [1]
  .rodata            const     0x803'ae94      0x1c  user_sd.o [1]
  .rodata            const     0x803'aeb0      0x1c  user_sd.o [1]
  .rodata            const     0x803'aecc      0x1c  user_sd.o [1]
  .rodata            const     0x803'aee8      0x1c  user_sim.o [1]
  .rodata            const     0x803'af04      0x1c  user_sim_common.o [1]
  .rodata            const     0x803'af20      0x1c  user_sim_common.o [1]
  .rodata            const     0x803'af3c      0x1c  woteck_ultrasonic.o [1]
  .rodata            const     0x803'af58      0x18  S25FL216K.o [1]
  .rodata            const     0x803'af70      0x18  sd_functions.o [1]
  .rodata            const     0x803'af88      0x18  sd_functions.o [1]
  .rodata            const     0x803'afa0      0x18  sd_functions.o [1]
  .rodata            const     0x803'afb8      0x18  socket.o [1]
  .rodata            const     0x803'afd0      0x18  socket.o [1]
  .rodata            const     0x803'afe8      0x18  user_app_comm.o [1]
  .rodata            const     0x803'b000      0x18  user_app_comm.o [1]
  .rodata            const     0x803'b018      0x18  user_app_ethernet.o [1]
  .rodata            const     0x803'b030      0x18  user_app_ethernet.o [1]
  .rodata            const     0x803'b048      0x18  user_app_ethernet.o [1]
  .rodata            const     0x803'b060      0x18  user_app_ethernet.o [1]
  .rodata            const     0x803'b078      0x18  user_app_sim.o [1]
  .rodata            const     0x803'b090      0x18  user_app_wm.o [1]
  .rodata            const     0x803'b0a8      0x18  user_app_wm.o [1]
  .rodata            const     0x803'b0c0      0x18  user_at_serial.o [1]
  .rodata            const     0x803'b0d8      0x18  user_at_serial.o [1]
  .rodata            const     0x803'b0f0      0x18  user_ec200u.o [1]
  .rodata            const     0x803'b108      0x18  user_ec200u.o [1]
  .rodata            const     0x803'b120      0x18  user_ec200u.o [1]
  .rodata            const     0x803'b138      0x18  user_ec200u.o [1]
  .rodata            const     0x803'b150      0x18  user_ec200u.o [1]
  .rodata            const     0x803'b168      0x18  user_ec200u.o [1]
  .rodata            const     0x803'b180      0x18  user_ec200u.o [1]
  .rodata            const     0x803'b198      0x18  user_ec200u.o [1]
  .rodata            const     0x803'b1b0      0x18  user_ec200u.o [1]
  .rodata            const     0x803'b1c8      0x18  user_lpm.o [1]
  .rodata            const     0x803'b1e0      0x18  user_mem.o [1]
  .rodata            const     0x803'b1f8      0x18  user_message.o [1]
  .rodata            const     0x803'b210      0x18  user_message.o [1]
  .rodata            const     0x803'b228      0x18  user_message.o [1]
  .rodata            const     0x803'b240      0x18  user_modem.o [1]
  .rodata            const     0x803'b258      0x18  user_sd.o [1]
  .rodata            const     0x803'b270      0x18  wm_mong_cai.o [1]
  .rodata            const     0x803'b288      0x18  wm_mt100.o [1]
  .rodata            const     0x803'b2a0      0x18  wm_sence.o [1]
  .rodata            const     0x803'b2b8      0x18  woteck_wm.o [1]
  .rodata            const     0x803'b2d0      0x14  dhcpv4.o [1]
  .rodata            const     0x803'b2e4      0x14  dhcpv6.o [1]
  .rodata            const     0x803'b2f8      0x14  dhcpv6.o [1]
  .rodata            const     0x803'b30c      0x14  lcd_display.o [1]
  .rodata            const     0x803'b320      0x14  lcd_display.o [1]
  .rodata            const     0x803'b334      0x14  lcd_display.o [1]
  .rodata            const     0x803'b348      0x14  lcd_display.o [1]
  .rodata            const     0x803'b35c      0x14  lcd_display.o [1]
  .rodata            const     0x803'b370      0x14  lcd_display.o [1]
  .rodata            const     0x803'b384      0x14  lcd_display.o [1]
  .rodata            const     0x803'b398      0x14  lcd_display.o [1]
  .rodata            const     0x803'b3ac      0x14  lcd_display.o [1]
  .rodata            const     0x803'b3c0      0x14  lcd_display.o [1]
  .rodata            const     0x803'b3d4      0x14  S25FL216K.o [1]
  .rodata            const     0x803'b3e8      0x14  S25FL216K.o [1]
  .rodata            const     0x803'b3fc      0x14  S25FL216K.o [1]
  .rodata            const     0x803'b410      0x14  S25FL216K.o [1]
  .rodata            const     0x803'b424      0x14  S25FL216K.o [1]
  .rodata            const     0x803'b438      0x14  S25FL216K.o [1]
  .rodata            const     0x803'b44c      0x14  sd_diskio_spi.o [1]
  .rodata            const     0x803'b460      0x14  user_app_comm.o [1]
  .rodata            const     0x803'b474      0x14  user_app_ethernet.o [1]
  .rodata            const     0x803'b488      0x14  user_app_ethernet.o [1]
  .rodata            const     0x803'b49c      0x14  user_app_ethernet.o [1]
  .rodata            const     0x803'b4b0      0x14  user_app_ethernet.o [1]
  .rodata            const     0x803'b4c4      0x14  user_app_ethernet.o [1]
  .rodata            const     0x803'b4d8      0x14  user_app_ethernet.o [1]
  .rodata            const     0x803'b4ec      0x14  user_app_ethernet.o [1]
  .rodata            const     0x803'b500      0x14  user_app_sensor.o [1]
  .rodata            const     0x803'b514      0x14  user_app_wm.o [1]
  .rodata            const     0x803'b528      0x14  user_app_wm.o [1]
  .rodata            const     0x803'b53c      0x14  user_app_wm.o [1]
  .rodata            const     0x803'b550      0x14  user_app_wm.o [1]
  .rodata            const     0x803'b564      0x14  user_app_wm.o [1]
  .rodata            const     0x803'b578      0x14  user_app_wm.o [1]
  .rodata            const     0x803'b58c      0x14  user_app_wm.o [1]
  .rodata            const     0x803'b5a0      0x14  user_at_serial.o [1]
  .rodata            const     0x803'b5b4      0x14  user_at_serial.o [1]
  .rodata            const     0x803'b5c8      0x14  user_at_serial.o [1]
  .rodata            const     0x803'b5dc      0x14  user_at_serial.o [1]
  .rodata            const     0x803'b5f0      0x14  user_at_serial.o [1]
  .rodata            const     0x803'b604      0x14  user_at_serial.o [1]
  .rodata            const     0x803'b618      0x14  user_at_serial.o [1]
  .rodata            const     0x803'b62c      0x14  user_at_serial.o [1]
  .rodata            const     0x803'b640      0x14  user_at_serial.o [1]
  .rodata            const     0x803'b654      0x14  user_ec200u.o [1]
  .rodata            const     0x803'b668      0x14  user_ec200u.o [1]
  .rodata            const     0x803'b67c      0x14  user_ec200u.o [1]
  .rodata            const     0x803'b690      0x14  user_ec200u.o [1]
  .rodata            const     0x803'b6a4      0x14  user_ec200u.o [1]
  .rodata            const     0x803'b6b8      0x14  user_ec200u.o [1]
  .rodata            const     0x803'b6cc      0x14  user_ec200u.o [1]
  .rodata            const     0x803'b6e0      0x14  user_mem.o [1]
  .rodata            const     0x803'b6f4      0x14  user_mem.o [1]
  .rodata            const     0x803'b708      0x14  user_mem.o [1]
  .rodata            const     0x803'b71c      0x14  user_mem.o [1]
  .rodata            const     0x803'b730      0x14  user_message.o [1]
  .rodata            const     0x803'b744      0x14  user_message.o [1]
  .rodata            const     0x803'b758      0x14  user_message.o [1]
  .rodata            const     0x803'b76c      0x14  user_modem.o [1]
  .rodata            const     0x803'b780      0x14  user_modem.o [1]
  .rodata            const     0x803'b794      0x14  user_modem.o [1]
  .rodata            const     0x803'b7a8      0x14  user_modem.o [1]
  .rodata            const     0x803'b7bc      0x14  user_sim_common.o [1]
  .rodata            const     0x803'b7d0      0x10  dhcpv6.o [1]
  .rodata            const     0x803'b7e0      0x10  ff.o [1]
  .rodata            const     0x803'b7f0      0x10  lcd_display.o [1]
  .rodata            const     0x803'b800      0x10  lcd_display.o [1]
  .rodata            const     0x803'b810      0x10  lcd_display.o [1]
  .rodata            const     0x803'b820      0x10  lcd_display.o [1]
  .rodata            const     0x803'b830      0x10  lcd_display.o [1]
  .rodata            const     0x803'b840      0x10  lcd_display.o [1]
  .rodata            const     0x803'b850      0x10  lcd_display.o [1]
  .rodata            const     0x803'b860      0x10  lcd_display.o [1]
  .rodata            const     0x803'b870      0x10  lcd_display.o [1]
  .rodata            const     0x803'b880      0x10  lcd_display.o [1]
  .rodata            const     0x803'b890      0x10  lcd_display.o [1]
  .rodata            const     0x803'b8a0      0x10  lcd_display.o [1]
  .rodata            const     0x803'b8b0      0x10  lcd_display.o [1]
  .rodata            const     0x803'b8c0      0x10  lcd_display.o [1]
  .rodata            const     0x803'b8d0      0x10  lcd_display.o [1]
  .rodata            const     0x803'b8e0      0x10  lcd_display.o [1]
  .rodata            const     0x803'b8f0      0x10  lcd_display.o [1]
  .rodata            const     0x803'b900      0x10  lcd_display.o [1]
  .rodata            const     0x803'b910      0x10  lcd_display.o [1]
  .rodata            const     0x803'b920      0x10  lcd_display.o [1]
  .rodata            const     0x803'b930      0x10  lcd_display.o [1]
  .rodata            const     0x803'b940      0x10  lcd_display.o [1]
  .rodata            const     0x803'b950      0x10  lcd_display.o [1]
  .rodata            const     0x803'b960      0x10  lcd_display.o [1]
  .rodata            const     0x803'b970      0x10  lcd_display.o [1]
  .rodata            const     0x803'b980      0x10  lcd_display.o [1]
  .rodata            const     0x803'b990      0x10  lcd_display.o [1]
  .rodata            const     0x803'b9a0      0x10  lcd_display.o [1]
  .rodata            const     0x803'b9b0      0x10  lcd_display.o [1]
  .rodata            const     0x803'b9c0      0x10  lcd_display.o [1]
  .rodata            const     0x803'b9d0      0x10  lcd_display.o [1]
  .rodata            const     0x803'b9e0      0x10  lcd_display.o [1]
  .rodata            const     0x803'b9f0      0x10  lcd_display.o [1]
  .rodata            const     0x803'ba00      0x10  lcd_display.o [1]
  .rodata            const     0x803'ba10      0x10  lcd_display.o [1]
  .rodata            const     0x803'ba20      0x10  lcd_display.o [1]
  .rodata            const     0x803'ba30      0x10  lcd_display.o [1]
  .rodata            const     0x803'ba40      0x10  lcd_display.o [1]
  .rodata            const     0x803'ba50      0x10  lcd_display.o [1]
  .rodata            const     0x803'ba60      0x10  lcd_display.o [1]
  .rodata            const     0x803'ba70      0x10  lcd_display.o [1]
  .rodata            const     0x803'ba80      0x10  lcd_display.o [1]
  .rodata            const     0x803'ba90      0x10  lcd_display.o [1]
  .rodata            const     0x803'baa0      0x10  lcd_display.o [1]
  .rodata            const     0x803'bab0      0x10  lcd_display.o [1]
  .rodata            const     0x803'bac0      0x10  lcd_display.o [1]
  .rodata            const     0x803'bad0      0x10  lcd_display.o [1]
  .rodata            const     0x803'bae0      0x10  lcd_display.o [1]
  .rodata            const     0x803'baf0      0x10  lcd_display.o [1]
  .rodata            const     0x803'bb00      0x10  S25FL216K.o [1]
  .rodata            const     0x803'bb10      0x10  S25FL216K.o [1]
  .rodata            const     0x803'bb20      0x10  S25FL216K.o [1]
  .rodata            const     0x803'bb30      0x10  S25FL216K.o [1]
  .rodata            const     0x803'bb40      0x10  system_stm32l4xx.o [1]
  .rodata            const     0x803'bb50      0x10  user_app_ethernet.o [1]
  .rodata            const     0x803'bb60      0x10  user_app_ethernet.o [1]
  .rodata            const     0x803'bb70      0x10  user_app_ethernet.o [1]
  .rodata            const     0x803'bb80      0x10  user_app_ethernet.o [1]
  .rodata            const     0x803'bb90      0x10  user_app_ethernet.o [1]
  .rodata            const     0x803'bba0      0x10  user_app_ethernet.o [1]
  .rodata            const     0x803'bbb0      0x10  user_app_modb_m.o [1]
  .rodata            const     0x803'bbc0      0x10  user_app_sim.o [1]
  .rodata            const     0x803'bbd0      0x10  user_app_sim.o [1]
  .rodata            const     0x803'bbe0      0x10  user_app_sim.o [1]
  .rodata            const     0x803'bbf0      0x10  user_app_sim.o [1]
  .rodata            const     0x803'bc00      0x10  user_app_wm.o [1]
  .rodata            const     0x803'bc10      0x10  user_app_wm.o [1]
  .rodata            const     0x803'bc20      0x10  user_app_wm.o [1]
  .rodata            const     0x803'bc30      0x10  user_app_wm.o [1]
  .rodata            const     0x803'bc40      0x10  user_app_wm.o [1]
  .rodata            const     0x803'bc50      0x10  user_app_wm.o [1]
  .rodata            const     0x803'bc60      0x10  user_at_serial.o [1]
  .rodata            const     0x803'bc70      0x10  user_at_serial.o [1]
  .rodata            const     0x803'bc80      0x10  user_at_serial.o [1]
  .rodata            const     0x803'bc90      0x10  user_at_serial.o [1]
  .rodata            const     0x803'bca0      0x10  user_at_serial.o [1]
  .rodata            const     0x803'bcb0      0x10  user_at_serial.o [1]
  .rodata            const     0x803'bcc0      0x10  user_at_serial.o [1]
  .rodata            const     0x803'bcd0      0x10  user_at_serial.o [1]
  .rodata            const     0x803'bce0      0x10  user_at_serial.o [1]
  .rodata            const     0x803'bcf0      0x10  user_at_serial.o [1]
  .rodata            const     0x803'bd00      0x10  user_at_serial.o [1]
  .rodata            const     0x803'bd10      0x10  user_at_serial.o [1]
  .rodata            const     0x803'bd20      0x10  user_at_serial.o [1]
  .rodata            const     0x803'bd30      0x10  user_at_serial.o [1]
  .rodata            const     0x803'bd40      0x10  user_at_serial.o [1]
  .rodata            const     0x803'bd50      0x10  user_at_serial.o [1]
  .rodata            const     0x803'bd60      0x10  user_at_serial.o [1]
  .rodata            const     0x803'bd70      0x10  user_at_serial.o [1]
  .rodata            const     0x803'bd80      0x10  user_at_serial.o [1]
  .rodata            const     0x803'bd90      0x10  user_at_serial.o [1]
  .rodata            const     0x803'bda0      0x10  user_at_serial.o [1]
  .rodata            const     0x803'bdb0      0x10  user_at_serial.o [1]
  .rodata            const     0x803'bdc0      0x10  user_at_serial.o [1]
  .rodata            const     0x803'bdd0      0x10  user_at_serial.o [1]
  .rodata            const     0x803'bde0      0x10  user_at_serial.o [1]
  .rodata            const     0x803'bdf0      0x10  user_at_serial.o [1]
  .rodata            const     0x803'be00      0x10  user_at_serial.o [1]
  .rodata            const     0x803'be10      0x10  user_at_serial.o [1]
  .rodata            const     0x803'be20      0x10  user_at_serial.o [1]
  .rodata            const     0x803'be30      0x10  user_at_serial.o [1]
  .rodata            const     0x803'be40      0x10  user_at_serial.o [1]
  .rodata            const     0x803'be50      0x10  user_at_serial.o [1]
  .rodata            const     0x803'be60      0x10  user_at_serial.o [1]
  .rodata            const     0x803'be70      0x10  user_at_serial.o [1]
  .rodata            const     0x803'be80      0x10  user_at_serial.o [1]
  .rodata            const     0x803'be90      0x10  user_at_serial.o [1]
  .rodata            const     0x803'bea0      0x10  user_at_serial.o [1]
  .rodata            const     0x803'beb0      0x10  user_at_serial.o [1]
  .rodata            const     0x803'bec0      0x10  user_at_serial.o [1]
  .rodata            const     0x803'bed0      0x10  user_at_serial.o [1]
  .rodata            const     0x803'bee0      0x10  user_at_serial.o [1]
  .rodata            const     0x803'bef0      0x10  user_at_serial.o [1]
  .rodata            const     0x803'bf00      0x10  user_ec200u.o [1]
  .rodata            const     0x803'bf10      0x10  user_ec200u.o [1]
  .rodata            const     0x803'bf20      0x10  user_ec200u.o [1]
  .rodata            const     0x803'bf30      0x10  user_ec200u.o [1]
  .rodata            const     0x803'bf40      0x10  user_ec200u.o [1]
  .rodata            const     0x803'bf50      0x10  user_ec200u.o [1]
  .rodata            const     0x803'bf60      0x10  user_ec200u.o [1]
  .rodata            const     0x803'bf70      0x10  user_ec200u.o [1]
  .rodata            const     0x803'bf80      0x10  user_ec200u.o [1]
  .rodata            const     0x803'bf90      0x10  user_ec200u.o [1]
  .rodata            const     0x803'bfa0      0x10  user_ec200u.o [1]
  .rodata            const     0x803'bfb0      0x10  user_ec200u.o [1]
  .rodata            const     0x803'bfc0      0x10  user_ec200u.o [1]
  .rodata            const     0x803'bfd0      0x10  user_ec200u.o [1]
  .rodata            const     0x803'bfe0      0x10  user_ec200u.o [1]
  .rodata            const     0x803'bff0      0x10  user_ec200u.o [1]
  .rodata            const     0x803'c000      0x10  user_ec200u.o [1]
  .rodata            const     0x803'c010      0x10  user_ec200u.o [1]
  .rodata            const     0x803'c020      0x10  user_ec200u.o [1]
  .rodata            const     0x803'c030      0x10  user_ec200u.o [1]
  .rodata            const     0x803'c040      0x10  user_ec200u.o [1]
  .rodata            const     0x803'c050      0x10  user_ec200u.o [1]
  .rodata            const     0x803'c060      0x10  user_ec200u.o [1]
  .rodata            const     0x803'c070      0x10  user_ec200u.o [1]
  .rodata            const     0x803'c080      0x10  user_ec200u.o [1]
  .rodata            const     0x803'c090      0x10  user_ec200u.o [1]
  .rodata            const     0x803'c0a0      0x10  user_ec200u.o [1]
  .rodata            const     0x803'c0b0      0x10  user_ec200u.o [1]
  .rodata            const     0x803'c0c0      0x10  user_ec200u.o [1]
  .rodata            const     0x803'c0d0      0x10  user_ec200u.o [1]
  .rodata            const     0x803'c0e0      0x10  user_message.o [1]
  .rodata            const     0x803'c0f0      0x10  user_message.o [1]
  .rodata            const     0x803'c100      0x10  user_message.o [1]
  .rodata            const     0x803'c110      0x10  user_message.o [1]
  .rodata            const     0x803'c120      0x10  user_modem.o [1]
  .rodata            const     0x803'c130      0x10  user_modem.o [1]
  .rodata            const     0x803'c140      0x10  user_modem.o [1]
  .rodata            const     0x803'c150      0x10  user_modem.o [1]
  .rodata            const     0x803'c160      0x10  user_modem.o [1]
  .rodata            const     0x803'c170      0x10  user_modem.o [1]
  .rodata            const     0x803'c180      0x10  user_modem.o [1]
  .rodata            const     0x803'c190      0x10  user_modem.o [1]
  .rodata            const     0x803'c1a0      0x10  user_modem.o [1]
  .rodata            const     0x803'c1b0      0x10  user_modem.o [1]
  .rodata            const     0x803'c1c0      0x10  user_modem.o [1]
  .rodata            const     0x803'c1d0      0x10  user_modem.o [1]
  .rodata            const     0x803'c1e0      0x10  user_modem.o [1]
  .text              ro code   0x803'c1f0      0x10  startup_stm32l496xx.o [1]
  .rodata            const     0x803'c200       0xc  dhcpv6.o [1]
  .rodata            const     0x803'c20c       0xc  dhcpv6.o [1]
  .rodata            const     0x803'c218       0xc  dhcpv6.o [1]
  .rodata            const     0x803'c224       0xc  ff.o [1]
  .rodata            const     0x803'c230       0xc  lcd_display.o [1]
  .rodata            const     0x803'c23c       0xc  lcd_display.o [1]
  .rodata            const     0x803'c248       0xc  lcd_display.o [1]
  .rodata            const     0x803'c254       0xc  lcd_display.o [1]
  .rodata            const     0x803'c260       0xc  lcd_display.o [1]
  .rodata            const     0x803'c26c       0xc  lcd_display.o [1]
  .rodata            const     0x803'c278       0xc  lcd_display.o [1]
  .rodata            const     0x803'c284       0xc  lcd_display.o [1]
  .rodata            const     0x803'c290       0xc  lcd_display.o [1]
  .rodata            const     0x803'c29c       0xc  lcd_display.o [1]
  .rodata            const     0x803'c2a8       0xc  lcd_display.o [1]
  .rodata            const     0x803'c2b4       0xc  lcd_display.o [1]
  .rodata            const     0x803'c2c0       0xc  lcd_display.o [1]
  .rodata            const     0x803'c2cc       0xc  lcd_display.o [1]
  .rodata            const     0x803'c2d8       0xc  lcd_display.o [1]
  .rodata            const     0x803'c2e4       0xc  lcd_display.o [1]
  .rodata            const     0x803'c2f0       0xc  user_app_comm.o [1]
  .rodata            const     0x803'c2fc       0xc  user_app_ethernet.o [1]
  .rodata            const     0x803'c308       0xc  user_app_ethernet.o [1]
  .rodata            const     0x803'c314       0xc  user_app_ethernet.o [1]
  .rodata            const     0x803'c320       0xc  user_app_ethernet.o [1]
  .rodata            const     0x803'c32c       0xc  user_app_ethernet.o [1]
  .rodata            const     0x803'c338       0xc  user_app_ethernet.o [1]
  .rodata            const     0x803'c344       0xc  user_app_ethernet.o [1]
  .rodata            const     0x803'c350       0xc  user_app_ethernet.o [1]
  .rodata            const     0x803'c35c       0xc  user_app_ethernet.o [1]
  .rodata            const     0x803'c368       0xc  user_app_sensor.o [1]
  .rodata            const     0x803'c374       0xc  user_app_sensor.o [1]
  .rodata            const     0x803'c380       0xc  user_app_sensor.o [1]
  .rodata            const     0x803'c38c       0xc  user_app_sensor.o [1]
  .rodata            const     0x803'c398       0xc  user_app_sim.o [1]
  .rodata            const     0x803'c3a4       0xc  user_app_sim.o [1]
  .rodata            const     0x803'c3b0       0xc  user_app_sim.o [1]
  .rodata            const     0x803'c3bc       0xc  user_app_sim.o [1]
  .rodata            const     0x803'c3c8       0xc  user_app_sim.o [1]
  .rodata            const     0x803'c3d4       0xc  user_app_wm.o [1]
  .rodata            const     0x803'c3e0       0xc  user_app_wm.o [1]
  .rodata            const     0x803'c3ec       0xc  user_app_wm.o [1]
  .rodata            const     0x803'c3f8       0xc  user_at_serial.o [1]
  .rodata            const     0x803'c404       0xc  user_at_serial.o [1]
  .rodata            const     0x803'c410       0xc  user_at_serial.o [1]
  .rodata            const     0x803'c41c       0xc  user_at_serial.o [1]
  .rodata            const     0x803'c428       0xc  user_at_serial.o [1]
  .rodata            const     0x803'c434       0xc  user_at_serial.o [1]
  .rodata            const     0x803'c440       0xc  user_at_serial.o [1]
  .rodata            const     0x803'c44c       0xc  user_at_serial.o [1]
  .rodata            const     0x803'c458       0xc  user_at_serial.o [1]
  .rodata            const     0x803'c464       0xc  user_at_serial.o [1]
  .rodata            const     0x803'c470       0xc  user_at_serial.o [1]
  .rodata            const     0x803'c47c       0xc  user_at_serial.o [1]
  .rodata            const     0x803'c488       0xc  user_at_serial.o [1]
  .rodata            const     0x803'c494       0xc  user_at_serial.o [1]
  .rodata            const     0x803'c4a0       0xc  user_at_serial.o [1]
  .rodata            const     0x803'c4ac       0xc  user_at_serial.o [1]
  .rodata            const     0x803'c4b8       0xc  user_at_serial.o [1]
  .rodata            const     0x803'c4c4       0xc  user_at_serial.o [1]
  .rodata            const     0x803'c4d0       0xc  user_at_serial.o [1]
  .rodata            const     0x803'c4dc       0xc  user_at_serial.o [1]
  .rodata            const     0x803'c4e8       0xc  user_at_serial.o [1]
  .rodata            const     0x803'c4f4       0xc  user_at_serial.o [1]
  .rodata            const     0x803'c500       0xc  user_at_serial.o [1]
  .rodata            const     0x803'c50c       0xc  user_at_serial.o [1]
  .rodata            const     0x803'c518       0xc  user_at_serial.o [1]
  .rodata            const     0x803'c524       0xc  user_at_serial.o [1]
  .rodata            const     0x803'c530       0xc  user_at_serial.o [1]
  .rodata            const     0x803'c53c       0xc  user_at_serial.o [1]
  .rodata            const     0x803'c548       0xc  user_at_serial.o [1]
  .rodata            const     0x803'c554       0xc  user_at_serial.o [1]
  .rodata            const     0x803'c560       0xc  user_at_serial.o [1]
  .rodata            const     0x803'c56c       0xc  user_at_serial.o [1]
  .rodata            const     0x803'c578       0xc  user_at_serial.o [1]
  .rodata            const     0x803'c584       0xc  user_at_serial.o [1]
  .rodata            const     0x803'c590       0xc  user_at_serial.o [1]
  .rodata            const     0x803'c59c       0xc  user_at_serial.o [1]
  .rodata            const     0x803'c5a8       0xc  user_at_serial.o [1]
  .rodata            const     0x803'c5b4       0xc  user_at_serial.o [1]
  .rodata            const     0x803'c5c0       0xc  user_at_serial.o [1]
  .rodata            const     0x803'c5cc       0xc  user_at_serial.o [1]
  .rodata            const     0x803'c5d8       0xc  user_at_serial.o [1]
  .rodata            const     0x803'c5e4       0xc  user_at_serial.o [1]
  .rodata            const     0x803'c5f0       0xc  user_at_serial.o [1]
  .rodata            const     0x803'c5fc       0xc  user_at_serial.o [1]
  .rodata            const     0x803'c608       0xc  user_at_serial.o [1]
  .rodata            const     0x803'c614       0xc  user_at_serial.o [1]
  .rodata            const     0x803'c620       0xc  user_at_serial.o [1]
  .rodata            const     0x803'c62c       0xc  user_ec200u.o [1]
  .rodata            const     0x803'c638       0xc  user_ec200u.o [1]
  .rodata            const     0x803'c644       0xc  user_ec200u.o [1]
  .rodata            const     0x803'c650       0xc  user_ec200u.o [1]
  .rodata            const     0x803'c65c       0xc  user_ec200u.o [1]
  .rodata            const     0x803'c668       0xc  user_ec200u.o [1]
  .rodata            const     0x803'c674       0xc  user_ec200u.o [1]
  .rodata            const     0x803'c680       0xc  user_ec200u.o [1]
  .rodata            const     0x803'c68c       0xc  user_ec200u.o [1]
  .rodata            const     0x803'c698       0xc  user_ec200u.o [1]
  .rodata            const     0x803'c6a4       0xc  user_ec200u.o [1]
  .rodata            const     0x803'c6b0       0xc  user_ec200u.o [1]
  .rodata            const     0x803'c6bc       0xc  user_ec200u.o [1]
  .rodata            const     0x803'c6c8       0xc  user_ec200u.o [1]
  .rodata            const     0x803'c6d4       0xc  user_ec200u.o [1]
  .rodata            const     0x803'c6e0       0xc  user_ec200u.o [1]
  .rodata            const     0x803'c6ec       0xc  user_ec200u.o [1]
  .rodata            const     0x803'c6f8       0xc  user_ec200u.o [1]
  .rodata            const     0x803'c704       0xc  user_ec200u.o [1]
  .rodata            const     0x803'c710       0xc  user_ec200u.o [1]
  .rodata            const     0x803'c71c       0xc  user_ec200u.o [1]
  .rodata            const     0x803'c728       0xc  user_ec200u.o [1]
  .rodata            const     0x803'c734       0xc  user_ec200u.o [1]
  .rodata            const     0x803'c740       0xc  user_ec200u.o [1]
  .rodata            const     0x803'c74c       0xc  user_ec200u.o [1]
  .rodata            const     0x803'c758       0xc  user_ec200u.o [1]
[...]
init_top                 0x801'2e7b    0x34  Code  Lc  dlmalloc.o [2]
ip_ver                  0x2000'4f61     0x1  Data  Gb  user_app_ethernet.o [1]
isalpha                  0x803'0fa7    0x14  Code  Gb  isalpha.o [2]
isspace                  0x802'6019    0x14  Code  Gb  isspace.o [2]
landmarkOpenSockData_u32
                        0x2000'e808     0x4  Data  Gb  user_app_ethernet.o [1]
last_type               0x2000'e8f1     0x1  Data  Lc  user_mem.o [1]
ld_clust                 0x802'f72f    0x28  Code  Lc  ff.o [1]
ld_dword                 0x802'ed2b    0x18  Code  Lc  ff.o [1]
ld_word                  0x802'ed1d     0xe  Code  Lc  ff.o [1]
ldexp                    0x802'e081          Code  Gb  ldexp.o [3]
ldexpf                   0x802'6075          Code  Gb  ldexpf.o [3]
ldexpl                   0x802'e081          Code  Gb  ldexp.o [3]
listen                   0x801'ad3b    0x72  Code  Gb  socket.o [1]
lnbias                   0x803'6a98   0x420  Data  Lc  pow64.o [3]
localeconv               0x802'e225     0x4  Code  Gb  xlocale_c.o [2]
lower_digits            0x2000'4ca8     0x4  Data  Lc  user_tiny_vsnprintf.o [1]
mConnect_MQTT            0x801'c445    0x4a  Code  Gb  user_message.o [1]
mData_MQTT               0x801'b9b9    0x88  Code  Gb  user_message.o [1]
mGet_Data_From_Mem       0x801'c4b1   0x176  Code  Gb  user_message.o [1]
mGet_Data_From_Mem::last_tdata
                        0x2000'4f67     0x1  Data  Lc  user_message.o [1]
mGet_Pub_Header          0x801'b957    0x62  Code  Gb  user_message.o [1]
mInit_Header_Subcribe    0x801'c3b7    0x8e  Code  Gb  user_message.o [1]
mIs_Sending_Message      0x801'c665    0x12  Code  Gb  user_message.o [1]
mReset_Raw_Data          0x801'c639    0x28  Code  Gb  user_message.o [1]
mSet_default_MQTT        0x801'b93d    0x1a  Code  Gb  user_message.o [1]
mSubcribe_MQTT           0x801'c48f     0x8  Code  Gb  user_message.o [1]
mUnmark_Mess             0x801'c627     0xe  Code  Gb  user_message.o [1]
main                     0x802'4d35    0x50  Code  Gb  main.o [1]
makeDHCPV4MSG            0x801'78df   0x15a  Code  Gb  dhcpv4.o [1]
mem_cmp                  0x802'ed93    0x24  Code  Lc  ff.o [1]
mem_cpy                  0x802'ed69    0x1c  Code  Lc  ff.o [1]
mem_set                  0x802'ed85     0xe  Code  Lc  ff.o [1]
memchr                   0x802'8ab5          Code  Gb  memchr.o [4]
memcmp                   0x802'5011          Code  Gb  memcmp.o [4]
memset                   0x802'661d    0x14  Code  Gb  memset.o [4]
move_window              0x802'efe9    0x42  Code  Lc  ff.o [1]
mparams                 0x2000'e5d0    0x18  Data  Lc  dlmalloc.o [2]
ndigs                    0x803'97ac    0x28  Data  Lc  iar_Stoulx.o [2]
num                     0x2000'e7b0     0x4  Data  Gb  dhcpv6.o [1]
num2                    0x2000'e7b4     0x4  Data  Gb  dhcpv6.o [1]
pDHCPMSG                0x2000'e78c     0x4  Data  Gb  dhcpv6.o [1]
pDHCPv4MSG              0x2000'e780     0x4  Data  Gb  dhcpv4.o [1]
pDNSMSG                 0x2000'e7bc     0x4  Data  Gb  dns.o [1]
pFlash                  0x2000'1604    0x20  Data  Gb  stm32l4xx_hal_flash.o [1]
pFunc_UTIL_Debug_Send   0x2000'e864     0x4  Data  Gb  user_util.o [1]
pFunc_UTIL_Log_To_Mem   0x2000'e860     0x4  Data  Gb  user_util.o [1]
pModemProcessIRQTimer   0x2000'e850     0x4  Data  Gb  user_rtc.o [1]
pRS485_2_Rx_Done        0x2000'e84c     0x4  Data  Gb  user_rs485.o [1]
pRS485_Rx_Done          0x2000'e848     0x4  Data  Gb  user_rs485.o [1]
parseDHCPMSG             0x801'8e15   0x5b2  Code  Gb  dhcpv6.o [1]
parseDHCPv4MSG           0x801'82c1   0x286  Code  Gb  dhcpv4.o [1]
parseDNSMSG              0x801'a46b   0x122  Code  Gb  dns.o [1]
parse_name               0x801'a1ed    0xb6  Code  Gb  dns.o [1]
pow                      0x802'83b5   0x6ec  Code  Gb  pow64.o [3]
powl                     0x802'83b5   0x6ec  Code  Gb  pow64.o [3]
pows                     0x801'162c    0x18  Data  Lc  strto32.o [3]
pows                     0x803'9838    0x48  Data  Lc  strto64.o [3]
pportc                   0x800'cc95    0xd6  Code  Gb  user_app_ethernet.o [1]
press_now               0x2000'e750     0x8  Data  Gb  user_app_wm.o [1]
put16                    0x801'a1dd    0x10  Code  Gb  dns.o [1]
put_fat                  0x802'f1c5   0x12c  Code  Lc  ff.o [1]
put_lfn                  0x802'f833    0x92  Code  Lc  ff.o [1]
qCopy_Data_From_Queue    0x801'a959    0x60  Code  Lc  queue_p.o [1]
qCopy_Data_To_Queue      0x801'a8e1    0x78  Code  Lc  queue_p.o [1]
qEthStep                0x2000'e480    0x18  Data  Gb  user_app_ethernet.o [1]
qGet_Number_Items        0x801'a9b9     0x4  Code  Gb  queue_p.o [1]
qMemRead                0x2000'e540    0x18  Data  Gb  user_mem.o [1]
qMemWrite               0x2000'e558    0x18  Data  Gb  user_mem.o [1]
qQueue_Back_Item         0x801'a9bd    0x52  Code  Gb  queue_p.o [1]
qQueue_Clear             0x801'a887     0xe  Code  Gb  queue_p.o [1]
qQueue_Create            0x801'a859    0x2e  Code  Gb  queue_p.o [1]
qQueue_Receive           0x801'a8bf    0x22  Code  Gb  queue_p.o [1]
qQueue_Send              0x801'a895    0x2a  Code  Gb  queue_p.o [1]
qS25FLStep              0x2000'e438    0x18  Data  Gb  S25FL216K.o [1]
qSDCardWrite            0x2000'e570    0x18  Data  Gb  user_sd.o [1]
qSimStep                0x2000'e5b8    0x18  Data  Gb  user_sim.o [1]
recv                     0x801'b07f    0xf2  Code  Gb  socket.o [1]
recv_IP                 0x2000'e640    0x10  Data  Gb  dhcpv6.o [1]
recvfrom                 0x801'b37f   0x27e  Code  Gb  socket.o [1]
reg_dhcpv4_cbfunc        0x801'78a3    0x3c  Code  Gb  dhcpv4.o [1]
reg_wizchip_cs_cbfunc    0x801'96c3    0x32  Code  Gb  wizchip_conf.o [1]
reg_wizchip_spi_cbfunc   0x801'96f5    0x50  Code  Gb  wizchip_conf.o [1]
remove_chain             0x802'f2f1    0xb0  Code  Lc  ff.o [1]
reset_DHCP_timeout       0x801'95d5    0x14  Code  Gb  dhcpv6.o [1]
reset_DHCPv4_timeout     0x801'88b7    0x14  Code  Gb  dhcpv4.o [1]
roundf                   0x802'a115          Code  Gb  roundf.o [3]
sATCmdList              0x2000'3d30   0x680  Data  Gb  user_at_serial.o [1]
sAppEthVar              0x2000'1860    0x8c  Data  Gb  user_app_ethernet.o [1]
sAppSimVar              0x2000'bfe8   0x2c0  Data  Gb  user_app_sim.o [1]
sAverageOneHour         0x2000'd750    0x90  Data  Gb  user_app_sensor.o [1]
sBattery                0x2000'e728     0x8  Data  Gb  user_app_wm.o [1]
sButton                 0x2000'e408    0x18  Data  Gb  button.o [1]
sCbSimComm              0x2000'e3a8    0x24  Data  Gb  user_sim_common.o [1]
sCheckList_Reg_Modbus_RTU
                        0x2000'291c   0x154  Data  Gb  user_app_modb_s.o [1]
sConfirm                0x2000'03fc    0x14  Data  Lc  button.o [1]
sDataRecvTCP            0x2000'1b54     0x8  Data  Gb  user_app_modb_m.o [1]
sEthCmd                 0x2000'190c   0x17c  Data  Gb  user_app_ethernet.o [1]
sEthResCode             0x2000'1a88    0x3c  Data  Gb  user_app_ethernet.o [1]
sEventAppComm           0x2000'1628    0x80  Data  Gb  user_app_comm.o [1]
sEventAppEth            0x2000'1740   0x120  Data  Gb  user_app_ethernet.o [1]
sEventAppModb           0x2000'1ac4    0x90  Data  Gb  user_app_modb_m.o [1]
sEventAppSensor         0x2000'2a88    0x60  Data  Gb  user_app_sensor.o [1]
sEventAppSim            0x2000'2fc8    0xc0  Data  Gb  user_app_sim.o [1]
sEventAppWM             0x2000'3108    0xf0  Data  Gb  user_app_wm.o [1]
sEventDisplay           0x2000'045c    0x60  Data  Gb  lcd_display.o [1]
sEventExFlash           0x2000'142c    0x30  Data  Gb  S25FL216K.o [1]
sEventMem               0x2000'44b0    0x50  Data  Gb  user_mem.o [1]
sEventOnChipFlash       0x2000'4440    0x20  Data  Gb  user_internal_mem.o [1]
sEventSD                0x2000'4bc4    0x40  Data  Gb  user_sd.o [1]
sEventSim               0x2000'4c04    0x40  Data  Gb  user_sim.o [1]
sFTPvar                 0x2000'e498    0x18  Data  Gb  user_app_ethernet.o [1]
sFileSys                0x2000'4c4c    0x44  Data  Gb  user_sim_common.o [1]
sFirmVersion            0x2000'16a8    0x14  Data  Gb  user_app_comm.o [1]
sHandleModb             0x2000'e830     0x4  Data  Gb  user_app_modb_m.o [1]
sIndexNextEntry_u16     0x2000'e8aa     0x2  Data  Lc  user_mem.o [1]
sLCD                    0x2000'e420    0x18  Data  Gb  lcd_display.o [1]
sLCDObject              0x2000'04c0   0xf18  Data  Gb  lcd_display.o [1]
sLCDPageSensor          0x2000'e890     0x2  Data  Gb  lcd_display.o [1]
sLPMFeatureHandler      0x2000'e83c     0x4  Data  Gb  user_lpm.o [1]
sListWmDigital          0x2000'4cb4   0x134  Data  Gb  user_wm_digital.o [1]
sLogData_ModbusRTU      0x2000'2a70     0x8  Data  Gb  user_app_modb_s.o [1]
sMAG6000_REGISTER       0x2000'1560    0x38  Data  Gb  siemen_mag6000.o [1]
sMAG8000_REGISTER       0x2000'15a4    0x50  Data  Gb  siemen_mag8000.o [1]
sMONG_CAI_REGISTER      0x2000'4e10     0x8  Data  Gb  wm_mong_cai.o [1]
sMT100_REGISTER         0x2000'4e18    0x2c  Data  Gb  wm_mt100.o [1]
sMeasureMain            0x2000'2ae8   0x4e0  Data  Gb  user_app_sensor.o [1]
sMemVar                 0x2000'debc    0x4c  Data  Gb  user_mem.o [1]
sMessRecv                0x803'8ebc   0x100  Data  Gb  user_message.o [1]
sMessSend                0x803'8208   0x1e0  Data  Gb  user_message.o [1]
sMessage                0x2000'4500   0x1c8  Data  Gb  user_message.o [1]
sMeterThreshold         0x2000'31f8   0x318  Data  Gb  user_app_wm.o [1]
sModbSubReg             0x2000'e708     0x8  Data  Gb  user_app_modb_m.o [1]
sModemInfor             0x2000'4720   0x484  Data  Gb  user_modem.o [1]
sModemLPMHandle         0x2000'4ba4    0x10  Data  Gb  user_modem.o [1]
sModemVar               0x2000'a094   0x5d0  Data  Gb  user_modem.o [1]
sOnFlash                0x2000'd37c   0x134  Data  Gb  user_internal_mem.o [1]
sPressConfig            0x2000'e610    0x10  Data  Lc  button.o [1]
sPulse                  0x2000'd098   0x1b0  Data  Gb  user_app_wm.o [1]
sQMemRead               0x2000'd6b0    0xa0  Data  Lc  user_mem.o [1]
sQMemWrite              0x2000'4f6c  0x14a0  Data  Lc  user_mem.o [1]
sQSDCardWrite           0x2000'640c   0xf20  Data  Lc  user_sd.o [1]
sRTC                    0x2000'e6cc     0xc  Data  Gb  user_util.o [1]
sRecEvent               0x2000'4474    0x14  Data  Gb  user_mem.o [1]
sRecGPS                 0x2000'449c    0x14  Data  Gb  user_mem.o [1]
sRecLog                 0x2000'4488    0x14  Data  Gb  user_mem.o [1]
sRecTSVH                0x2000'4460    0x14  Data  Gb  user_mem.o [1]
sRegSensor              0x2000'1b5c   0xdc0  Data  Gb  user_app_modb_m.o [1]
sS25FLvar               0x2000'd248   0x134  Data  Gb  S25FL216K.o [1]
sSENCE_REGISTER         0x2000'4e44    0x24  Data  Gb  wm_sence.o [1]
sSV_Modem                0x803'975c    0x50  Data  Gb  user_modem.o [1]
sSetLeve11              0x2000'0410    0x18  Data  Lc  button.o [1]
sSetLevel2              0x2000'0428    0x14  Data  Lc  button.o [1]
sSimCommInfor           0x2000'dd78    0x58  Data  Gb  user_sim_common.o [1]
sSimCommVar             0x2000'df08    0x4c  Data  Gb  user_sim_common.o [1]
sSimFwUpdate            0x2000'e180    0x48  Data  Gb  user_sim_common.o [1]
sSimVar                 0x2000'e670    0x10  Data  Gb  user_sim.o [1]
sSlave_ModbusRTU        0x2000'4f56     0x2  Data  Gb  user_app_modb_s.o [1]
sTransModTCP            0x2000'e238    0x34  Data  Gb  user_app_modb_m.o [1]
sUart485                0x2000'4bb4     0x8  Data  Gb  user_rs485.o [1]
sUart485_2              0x2000'4bbc     0x8  Data  Gb  user_rs485.o [1]
sUartDebug              0x2000'16bc     0x8  Data  Gb  user_app_comm.o [1]
sUartSim                0x2000'4c44     0x8  Data  Gb  user_sim.o [1]
sVout                   0x2000'e730     0x8  Data  Gb  user_app_wm.o [1]
sWOTECK_REGISTER        0x2000'4eb0    0x18  Data  Gb  woteck_wm.o [1]
sWOTECK_ULTRA_REGISTER  0x2000'4e68    0x3c  Data  Gb  woteck_ultrasonic.o [1]
sWmDigVar               0x2000'0000   0x3e8  Data  Gb  user_wm_digital.o [1]
sWmVar                  0x2000'3510   0x7c0  Data  Gb  user_app_wm.o [1]
scalbln                  0x802'e081          Code  Gb  ldexp.o [3]
scalblnf                 0x802'6075          Code  Gb  ldexpf.o [3]
scalblnl                 0x802'e081          Code  Gb  ldexp.o [3]
scalbn                   0x802'e081          Code  Gb  ldexp.o [3]
scalbnf                  0x802'6075          Code  Gb  ldexpf.o [3]
scalbnl                  0x802'e081          Code  Gb  ldexp.o [3]
scale                    0x802'3cfb    0x46  Code  Lc  xprintffull_nomb.o [2]
sd_append_file           0x802'ec31    0xa4  Code  Gb  sd_functions.o [1]
sd_get_space_kb          0x802'ea91    0x66  Code  Gb  sd_functions.o [1]
sd_mount                 0x802'eaf7    0xec  Code  Gb  sd_functions.o [1]
sd_path                 0x2000'e7e4     0x4  Data  Gb  sd_functions.o [1]
sd_unmount               0x802'ebe3    0x4e  Code  Gb  sd_functions.o [1]
sdhc                    0x2000'e8c1     0x1  Data  Lc  sd_spi.o [1]
sec_hand                0x2000'e870     0x4  Data  Lc  xfail_s.o [2]
segment_holding          0x801'2e35    0x1a  Code  Lc  dlmalloc.o [2]
send                     0x801'af8b    0xf4  Code  Gb  socket.o [1]
send_DHCP_REQUEST        0x801'8b0b   0x30a  Code  Gb  dhcpv6.o [1]
send_DHCP_SOLICIT        0x801'8993   0x178  Code  Gb  dhcpv6.o [1]
send_DHCPv4_DECLINE      0x801'80c9   0x1f4  Code  Gb  dhcpv4.o [1]
send_DHCPv4_DISCOVER     0x801'7a39   0x2ce  Code  Gb  dhcpv4.o [1]
send_DHCPv4_REQUEST      0x801'7d07   0x3c2  Code  Gb  dhcpv4.o [1]
sendto                   0x801'b171   0x20e  Code  Gb  socket.o [1]
serverid_len            0x2000'e888     0x2  Data  Gb  dhcpv6.o [1]
set_measure_block        0x801'd84f    0x58  Code  Lc  user_app_sensor.o [1]
setsockopt               0x801'b625   0x1de  Code  Gb  socket.o [1]
size                    0x2000'e7ac     0x4  Data  Gb  dhcpv6.o [1]
sock_any_port           0x2000'4f50     0x2  Data  Lc  socket.o [1]
sock_io_mode            0x2000'e896     0x2  Data  Lc  socket.o [1]
sock_is_sending         0x2000'e898     0x2  Data  Lc  socket.o [1]
sock_pack_info          0x2000'e6f8     0x8  Data  Lc  socket.o [1]
sock_remained_size      0x2000'e660    0x10  Data  Lc  socket.o [1]
socket                   0x801'aa11   0x29c  Code  Gb  socket.o [1]
sprintf                  0x800'eb49    0x40  Code  Gb  sprintf.o [2]
st_clust                 0x802'f757    0x2a  Code  Lc  ff.o [1]
st_dword                 0x802'ed51    0x18  Code  Lc  ff.o [1]
st_word                  0x802'ed43     0xe  Code  Lc  ff.o [1]
statuscode_len          0x2000'e884     0x2  Data  Gb  dhcpv6.o [1]
strchr                   0x801'1681          Code  Gb  strchr.o [4]
strcmp                   0x802'9031          Code  Gb  strcmp.o [4]
strcpy                   0x802'9019          Code  Gb  strcpy.o [4]
strcspn                  0x802'dc0f    0x22  Code  Gb  strcspn.o [2]
strlen                   0x801'11d9          Code  Gb  strlen.o [4]
strncpy                  0x801'1699          Code  Gb  strncpy.o [4]
strspn                   0x802'dbed    0x22  Code  Gb  strspn.o [2]
strstr                   0x802'8f53    0x2c  Code  Gb  strstr.o [2]
strtof                   0x801'1625     0x6  Code  Gb  strto32.o [3]
strtok                   0x802'0941    0x4c  Code  Gb  strtok.o [2]
strtol                   0x801'129b     0x4  Code  Gb  iar_Stolx.o [2]
sum_sfn                  0x802'f989    0x20  Code  Lc  ff.o [1]
sync_fs                  0x802'f02b    0x96  Code  Lc  ff.o [1]
sync_window              0x802'ef8f    0x5a  Code  Lc  ff.o [1]
sztmp                   0x2000'c6dc   0x200  Data  Lc  user_adv_trace.o [1]
tempu8                  0x2000'e8b3     0x1  Data  Lc  button.o [1]
tiny_vsnprintf_like      0x801'4c13   0x1d6  Code  Gb  user_tiny_vsnprintf.o [1]
tolower                  0x802'8aa1    0x14  Code  Gb  tolower.o [2]
topicString             0x2000'e6c0     0xc  Data  Gb  user_message.o [1]
uartSimBuffReceive      0x2000'9ab8   0x5dc  Data  Lc  user_sim.o [1]
upper_digits            0x2000'4cac     0x4  Data  Lc  user_tiny_vsnprintf.o [1]
uwTick                  0x2000'e7f8     0x4  Data  Gb  stm32l4xx_hal.o [1]
uwTickFreq              0x2000'4f5f     0x1  Data  Gb  stm32l4xx_hal.o [1]
uwTickPrio              0x2000'1600     0x4  Data  Gb  stm32l4xx_hal.o [1]
validate                 0x803'035b    0x4a  Code  Lc  ff.o [1]
vcom_DeInit              0x801'f8fb    0x1e  Code  Gb  user_app_comm.o [1]
vcom_Init                0x801'f8f1     0xa  Code  Gb  user_app_comm.o [1]
vcom_Trace_DMA           0x801'f919    0x1e  Code  Gb  user_app_comm.o [1]
wiz_recv_data            0x801'5071    0xa8  Code  Gb  w6100.o [1]
wiz_send_data            0x801'4fd1    0xa0  Code  Gb  w6100.o [1]
wizchip_clrinterrupt     0x801'9bed    0x52  Code  Gb  wizchip_conf.o [1]
wizchip_cris_enter       0x801'9669     0x2  Code  Gb  wizchip_conf.o [1]
wizchip_cris_exit        0x801'966b     0x2  Code  Gb  wizchip_conf.o [1]
wizchip_cs_deselect      0x801'966f     0x2  Code  Gb  wizchip_conf.o [1]
wizchip_cs_select        0x801'966d     0x2  Code  Gb  wizchip_conf.o [1]
wizchip_deselect         0x800'bb2d    0x10  Code  Lc  user_app_ethernet.o [1]
wizchip_getinterrupt     0x801'9c3f    0x2e  Code  Gb  wizchip_conf.o [1]
wizchip_getinterruptmask
                         0x801'9ca1    0x2e  Code  Gb  wizchip_conf.o [1]
wizchip_getnetinfo       0x801'9f31    0xc2  Code  Gb  wizchip_conf.o [1]
wizchip_getnetmode       0x801'a031    0x40  Code  Gb  wizchip_conf.o [1]
wizchip_gettimeout       0x801'a0c3    0x52  Code  Gb  wizchip_conf.o [1]
wizchip_init             0x801'9b39    0xb4  Code  Gb  wizchip_conf.o [1]
wizchip_network_infor    0x800'bbe5    0xca  Code  Lc  user_app_ethernet.o [1]
wizchip_read             0x800'bb41    0x2a  Code  Lc  user_app_ethernet.o [1]
wizchip_read_buff        0x800'bb9d    0x24  Code  Lc  user_app_ethernet.o [1]
wizchip_select           0x800'bb1d    0x10  Code  Lc  user_app_ethernet.o [1]
wizchip_setinterruptmask
                         0x801'9c6d    0x34  Code  Gb  wizchip_conf.o [1]
wizchip_setnetinfo       0x801'9e6f    0xc2  Code  Gb  wizchip_conf.o [1]
wizchip_setnetmode       0x801'9ff3    0x3e  Code  Gb  wizchip_conf.o [1]
wizchip_settimeout       0x801'a071    0x52  Code  Gb  wizchip_conf.o [1]
wizchip_spi_read         0x801'9671     0x4  Code  Gb  wizchip_conf.o [1]
wizchip_spi_read_buf     0x801'9677    0x26  Code  Gb  wizchip_conf.o [1]
wizchip_spi_write        0x801'9675     0x2  Code  Gb  wizchip_conf.o [1]
wizchip_spi_write_buf    0x801'969d    0x26  Code  Gb  wizchip_conf.o [1]
wizchip_sw_reset         0x801'9a17   0x122  Code  Gb  wizchip_conf.o [1]
wizchip_write            0x800'bb6b    0x20  Code  Lc  user_app_ethernet.o [1]
wizchip_write_buff       0x800'bbc1    0x24  Code  Lc  user_app_ethernet.o [1]
wizphy_getphyconf        0x801'9d83    0x54  Code  Gb  wizchip_conf.o [1]
wizphy_getphylink        0x801'9ccf    0x12  Code  Gb  wizchip_conf.o [1]
wizphy_getphypmode       0x801'9e59    0x16  Code  Gb  wizchip_conf.o [1]
wizphy_getphystatus      0x801'9dd7    0x54  Code  Gb  wizchip_conf.o [1]
wizphy_reset             0x801'9ce1    0x32  Code  Gb  wizchip_conf.o [1]
wizphy_setphyconf        0x801'9d13    0x70  Code  Gb  wizchip_conf.o [1]
wizphy_setphypmode       0x801'9e2b    0x2e  Code  Gb  wizchip_conf.o [1]
writeCString             0x803'153d    0x34  Code  Gb  MQTTPacket.o [1]
writeChar                0x803'1507     0xc  Code  Gb  MQTTPacket.o [1]
writeInt                 0x803'1513    0x2a  Code  Gb  MQTTPacket.o [1]
writeMQTTString          0x803'1571    0x46  Code  Gb  MQTTPacket.o [1]


[1] = D:\Saoviet_Git\Saoviet_20260703_SVWMDL\Project_Master_TNMT_Ver_3_1\1.Source_Code_L496\wm_gsm_ethernet_v5\EWARM\wm_gsm_ethernet_v3\Obj
[2] = dl7M_tlf.a
[3] = m7M_tls.a
[4] = rt7M_tl.a
[5] = shb_l.a

  209'049 bytes of readonly  code memory
   30'115 bytes of readonly  data memory
   68'091 bytes of readwrite data memory

Errors: none
Warnings: none
